Archive member included to satisfy reference by file (symbol)

c:/program files (x86)/atollic/truestudio for stm32 9.3.0/armtools/bin/../lib/gcc/arm-atollic-eabi/6.3.1/../../../../arm-atollic-eabi/lib/armv7e-m/fpu\libc_nano.a(lib_a-init.o)
                              startup\startup_stm32f407xx.o (__libc_init_array)
c:/program files (x86)/atollic/truestudio for stm32 9.3.0/armtools/bin/../lib/gcc/arm-atollic-eabi/6.3.1/../../../../arm-atollic-eabi/lib/armv7e-m/fpu\libc_nano.a(lib_a-memcmp.o)
                              Middlewares\Third_Party\LwIP\src\netif\ethernet.o (memcmp)
c:/program files (x86)/atollic/truestudio for stm32 9.3.0/armtools/bin/../lib/gcc/arm-atollic-eabi/6.3.1/../../../../arm-atollic-eabi/lib/armv7e-m/fpu\libc_nano.a(lib_a-memcpy-stub.o)
                              Middlewares\Third_Party\LwIP\src\core\ipv4\icmp.o (memcpy)
c:/program files (x86)/atollic/truestudio for stm32 9.3.0/armtools/bin/../lib/gcc/arm-atollic-eabi/6.3.1/../../../../arm-atollic-eabi/lib/armv7e-m/fpu\libc_nano.a(lib_a-memset.o)
                              Middlewares\Third_Party\LwIP\src\apps\mqtt\mqtt.o (memset)
c:/program files (x86)/atollic/truestudio for stm32 9.3.0/armtools/bin/../lib/gcc/arm-atollic-eabi/6.3.1/../../../../arm-atollic-eabi/lib/armv7e-m/fpu\libc_nano.a(lib_a-printf.o)
                              Middlewares\Third_Party\LwIP\src\apps\mqtt\mqtt.o (printf)
c:/program files (x86)/atollic/truestudio for stm32 9.3.0/armtools/bin/../lib/gcc/arm-atollic-eabi/6.3.1/../../../../arm-atollic-eabi/lib/armv7e-m/fpu\libc_nano.a(lib_a-reent.o)
                              Src\syscalls.o (errno)
c:/program files (x86)/atollic/truestudio for stm32 9.3.0/armtools/bin/../lib/gcc/arm-atollic-eabi/6.3.1/../../../../arm-atollic-eabi/lib/armv7e-m/fpu\libc_nano.a(lib_a-strlen.o)
                              Middlewares\Third_Party\LwIP\src\apps\mqtt\mqtt.o (strlen)
c:/program files (x86)/atollic/truestudio for stm32 9.3.0/armtools/bin/../lib/gcc/arm-atollic-eabi/6.3.1/../../../../arm-atollic-eabi/lib/armv7e-m/fpu\libc_nano.a(lib_a-strncmp.o)
                              Middlewares\Third_Party\LwIP\src\core\def.o (strncmp)
c:/program files (x86)/atollic/truestudio for stm32 9.3.0/armtools/bin/../lib/gcc/arm-atollic-eabi/6.3.1/../../../../arm-atollic-eabi/lib/armv7e-m/fpu\libc_nano.a(lib_a-findfp.o)
                              c:/program files (x86)/atollic/truestudio for stm32 9.3.0/armtools/bin/../lib/gcc/arm-atollic-eabi/6.3.1/../../../../arm-atollic-eabi/lib/armv7e-m/fpu\libc_nano.a(lib_a-printf.o) (__sinit)
c:/program files (x86)/atollic/truestudio for stm32 9.3.0/armtools/bin/../lib/gcc/arm-atollic-eabi/6.3.1/../../../../arm-atollic-eabi/lib/armv7e-m/fpu\libc_nano.a(lib_a-fwalk.o)
                              c:/program files (x86)/atollic/truestudio for stm32 9.3.0/armtools/bin/../lib/gcc/arm-atollic-eabi/6.3.1/../../../../arm-atollic-eabi/lib/armv7e-m/fpu\libc_nano.a(lib_a-findfp.o) (_fwalk)
c:/program files (x86)/atollic/truestudio for stm32 9.3.0/armtools/bin/../lib/gcc/arm-atollic-eabi/6.3.1/../../../../arm-atollic-eabi/lib/armv7e-m/fpu\libc_nano.a(lib_a-impure.o)
                              c:/program files (x86)/atollic/truestudio for stm32 9.3.0/armtools/bin/../lib/gcc/arm-atollic-eabi/6.3.1/../../../../arm-atollic-eabi/lib/armv7e-m/fpu\libc_nano.a(lib_a-findfp.o) (_global_impure_ptr)
c:/program files (x86)/atollic/truestudio for stm32 9.3.0/armtools/bin/../lib/gcc/arm-atollic-eabi/6.3.1/../../../../arm-atollic-eabi/lib/armv7e-m/fpu\libc_nano.a(lib_a-nano-freer.o)
                              c:/program files (x86)/atollic/truestudio for stm32 9.3.0/armtools/bin/../lib/gcc/arm-atollic-eabi/6.3.1/../../../../arm-atollic-eabi/lib/armv7e-m/fpu\libc_nano.a(lib_a-reent.o) (_free_r)
c:/program files (x86)/atollic/truestudio for stm32 9.3.0/armtools/bin/../lib/gcc/arm-atollic-eabi/6.3.1/../../../../arm-atollic-eabi/lib/armv7e-m/fpu\libc_nano.a(lib_a-nano-mallocr.o)
                              c:/program files (x86)/atollic/truestudio for stm32 9.3.0/armtools/bin/../lib/gcc/arm-atollic-eabi/6.3.1/../../../../arm-atollic-eabi/lib/armv7e-m/fpu\libc_nano.a(lib_a-findfp.o) (_malloc_r)
c:/program files (x86)/atollic/truestudio for stm32 9.3.0/armtools/bin/../lib/gcc/arm-atollic-eabi/6.3.1/../../../../arm-atollic-eabi/lib/armv7e-m/fpu\libc_nano.a(lib_a-nano-vfprintf.o)
                              c:/program files (x86)/atollic/truestudio for stm32 9.3.0/armtools/bin/../lib/gcc/arm-atollic-eabi/6.3.1/../../../../arm-atollic-eabi/lib/armv7e-m/fpu\libc_nano.a(lib_a-printf.o) (_vfprintf_r)
c:/program files (x86)/atollic/truestudio for stm32 9.3.0/armtools/bin/../lib/gcc/arm-atollic-eabi/6.3.1/../../../../arm-atollic-eabi/lib/armv7e-m/fpu\libc_nano.a(lib_a-nano-vfprintf_i.o)
                              c:/program files (x86)/atollic/truestudio for stm32 9.3.0/armtools/bin/../lib/gcc/arm-atollic-eabi/6.3.1/../../../../arm-atollic-eabi/lib/armv7e-m/fpu\libc_nano.a(lib_a-nano-vfprintf.o) (_printf_i)
[...]
Memory Configuration

Name             Origin             Length             Attributes
RAM              0x20000000         0x00020000         xrw
CCMRAM           0x10000000         0x00010000         rw
FLASH            0x08000000         0x00100000         xr
*default*        0x00000000         0xffffffff

Linker script and memory map

LOAD c:/program files (x86)/atollic/truestudio for stm32 9.3.0/armtools/bin/../lib/gcc/arm-atollic-eabi/6.3.1/armv7e-m/fpu/crti.o
LOAD c:/program files (x86)/atollic/truestudio for stm32 9.3.0/armtools/bin/../lib/gcc/arm-atollic-eabi/6.3.1/armv7e-m/fpu/crtbegin.o
LOAD Drivers\STM32F4xx_HAL_Driver\Src\stm32f4xx_hal.o
LOAD Drivers\STM32F4xx_HAL_Driver\Src\stm32f4xx_hal_cortex.o
LOAD Drivers\STM32F4xx_HAL_Driver\Src\stm32f4xx_hal_dma.o
LOAD Drivers\STM32F4xx_HAL_Driver\Src\stm32f4xx_hal_dma_ex.o
LOAD Drivers\STM32F4xx_HAL_Driver\Src\stm32f4xx_hal_eth.o
LOAD Drivers\STM32F4xx_HAL_Driver\Src\stm32f4xx_hal_exti.o
LOAD Drivers\STM32F4xx_HAL_Driver\Src\stm32f4xx_hal_flash.o
LOAD Drivers\STM32F4xx_HAL_Driver\Src\stm32f4xx_hal_flash_ex.o
LOAD Drivers\STM32F4xx_HAL_Driver\Src\stm32f4xx_hal_flash_ramfunc.o
LOAD Drivers\STM32F4xx_HAL_Driver\Src\stm32f4xx_hal_gpio.o
LOAD Drivers\STM32F4xx_HAL_Driver\Src\stm32f4xx_hal_pwr.o
LOAD Drivers\STM32F4xx_HAL_Driver\Src\stm32f4xx_hal_pwr_ex.o
LOAD Drivers\STM32F4xx_HAL_Driver\Src\stm32f4xx_hal_rcc.o
LOAD Drivers\STM32F4xx_HAL_Driver\Src\stm32f4xx_hal_rcc_ex.o
LOAD Drivers\STM32F4xx_HAL_Driver\Src\stm32f4xx_hal_tim.o
LOAD Drivers\STM32F4xx_HAL_Driver\Src\stm32f4xx_hal_tim_ex.o
LOAD Drivers\STM32F4xx_HAL_Driver\Src\stm32f4xx_hal_uart.o
LOAD Middlewares\Third_Party\LwIP\src\api\api_lib.o
LOAD Middlewares\Third_Party\LwIP\src\api\api_msg.o
LOAD Middlewares\Third_Party\LwIP\src\api\err.o
LOAD Middlewares\Third_Party\LwIP\src\api\netbuf.o
LOAD Middlewares\Third_Party\LwIP\src\api\netdb.o
LOAD Middlewares\Third_Party\LwIP\src\api\netifapi.o
LOAD Middlewares\Third_Party\LwIP\src\api\sockets.o
LOAD Middlewares\Third_Party\LwIP\src\api\tcpip.o
LOAD Middlewares\Third_Party\LwIP\src\apps\mqtt\mqtt.o
LOAD Middlewares\Third_Party\LwIP\src\core\def.o
LOAD Middlewares\Third_Party\LwIP\src\core\dns.o
LOAD Middlewares\Third_Party\LwIP\src\core\inet_chksum.o
LOAD Middlewares\Third_Party\LwIP\src\core\init.o
LOAD Middlewares\Third_Party\LwIP\src\core\ip.o
LOAD Middlewares\Third_Party\LwIP\src\core\ipv4\autoip.o
LOAD Middlewares\Third_Party\LwIP\src\core\ipv4\dhcp.o
LOAD Middlewares\Third_Party\LwIP\src\core\ipv4\etharp.o
LOAD Middlewares\Third_Party\LwIP\src\core\ipv4\icmp.o
LOAD Middlewares\Third_Party\LwIP\src\core\ipv4\igmp.o
LOAD Middlewares\Third_Party\LwIP\src\core\ipv4\ip4.o
LOAD Middlewares\Third_Party\LwIP\src\core\ipv4\ip4_addr.o
LOAD Middlewares\Third_Party\LwIP\src\core\ipv4\ip4_frag.o
LOAD Middlewares\Third_Party\LwIP\src\core\ipv6\dhcp6.o
LOAD Middlewares\Third_Party\LwIP\src\core\ipv6\ethip6.o
LOAD Middlewares\Third_Party\LwIP\src\core\ipv6\icmp6.o
LOAD Middlewares\Third_Party\LwIP\src\core\ipv6\inet6.o
LOAD Middlewares\Third_Party\LwIP\src\core\ipv6\ip6.o
LOAD Middlewares\Third_Party\LwIP\src\core\ipv6\ip6_addr.o
LOAD Middlewares\Third_Party\LwIP\src\core\ipv6\ip6_frag.o
LOAD Middlewares\Third_Party\LwIP\src\core\ipv6\mld6.o
LOAD Middlewares\Third_Party\LwIP\src\core\ipv6\nd6.o
LOAD Middlewares\Third_Party\LwIP\src\core\mem.o
LOAD Middlewares\Third_Party\LwIP\src\core\memp.o
LOAD Middlewares\Third_Party\LwIP\src\core\netif.o
LOAD Middlewares\Third_Party\LwIP\src\core\pbuf.o
LOAD Middlewares\Third_Party\LwIP\src\core\raw.o
LOAD Middlewares\Third_Party\LwIP\src\core\stats.o
LOAD Middlewares\Third_Party\LwIP\src\core\sys.o
LOAD Middlewares\Third_Party\LwIP\src\core\tcp.o
LOAD Middlewares\Third_Party\LwIP\src\core\tcp_in.o
LOAD Middlewares\Third_Party\LwIP\src\core\tcp_out.o
LOAD Middlewares\Third_Party\LwIP\src\core\timeouts.o
LOAD Middlewares\Third_Party\LwIP\src\core\udp.o
LOAD Middlewares\Third_Party\LwIP\src\netif\ethernet.o
LOAD Middlewares\Third_Party\LwIP\src\netif\lowpan6.o
LOAD Middlewares\Third_Party\LwIP\src\netif\ppp\auth.o
LOAD Middlewares\Third_Party\LwIP\src\netif\ppp\ccp.o
LOAD Middlewares\Third_Party\LwIP\src\netif\ppp\chap-md5.o
LOAD Middlewares\Third_Party\LwIP\src\netif\ppp\chap-new.o
LOAD Middlewares\Third_Party\LwIP\src\netif\ppp\chap_ms.o
LOAD Middlewares\Third_Party\LwIP\src\netif\ppp\demand.o
LOAD Middlewares\Third_Party\LwIP\src\netif\ppp\eap.o
LOAD Middlewares\Third_Party\LwIP\src\netif\ppp\ecp.o
LOAD Middlewares\Third_Party\LwIP\src\netif\ppp\eui64.o
LOAD Middlewares\Third_Party\LwIP\src\netif\ppp\fsm.o
LOAD Middlewares\Third_Party\LwIP\src\netif\ppp\ipcp.o
LOAD Middlewares\Third_Party\LwIP\src\netif\ppp\ipv6cp.o
LOAD Middlewares\Third_Party\LwIP\src\netif\ppp\lcp.o
LOAD Middlewares\Third_Party\LwIP\src\netif\ppp\magic.o
LOAD Middlewares\Third_Party\LwIP\src\netif\ppp\mppe.o
LOAD Middlewares\Third_Party\LwIP\src\netif\ppp\multilink.o
LOAD Middlewares\Third_Party\LwIP\src\netif\ppp\ppp.o
LOAD Middlewares\Third_Party\LwIP\src\netif\ppp\pppapi.o
LOAD Middlewares\Third_Party\LwIP\src\netif\ppp\pppcrypt.o
LOAD Middlewares\Third_Party\LwIP\src\netif\ppp\pppoe.o
LOAD Middlewares\Third_Party\LwIP\src\netif\ppp\pppol2tp.o
LOAD Middlewares\Third_Party\LwIP\src\netif\ppp\pppos.o
LOAD Middlewares\Third_Party\LwIP\src\netif\ppp\upap.o
LOAD Middlewares\Third_Party\LwIP\src\netif\ppp\utils.o
LOAD Middlewares\Third_Party\LwIP\src\netif\ppp\vj.o
LOAD Middlewares\Third_Party\LwIP\src\netif\slipif.o
LOAD Src\ethernetif.o
LOAD Src\lwip.o
LOAD Src\main.o
LOAD Src\stm32f4xx_hal_msp.o
LOAD Src\stm32f4xx_it.o
LOAD Src\syscalls.o
LOAD Src\system_stm32f4xx.o
LOAD startup\startup_stm32f407xx.o
                0x00000080                malloc_getpagesize_P = 0x80
START GROUP
LOAD c:/program files (x86)/atollic/truestudio for stm32 9.3.0/armtools/bin/../lib/gcc/arm-atollic-eabi/6.3.1/../../../../arm-atollic-eabi/lib/armv7e-m/fpu\libc_nano.a
LOAD c:/program files (x86)/atollic/truestudio for stm32 9.3.0/armtools/bin/../lib/gcc/arm-atollic-eabi/6.3.1/../../../../arm-atollic-eabi/lib/armv7e-m/fpu\libm.a
END GROUP
START GROUP
LOAD c:/program files (x86)/atollic/truestudio for stm32 9.3.0/armtools/bin/../lib/gcc/arm-atollic-eabi/6.3.1/armv7e-m/fpu\libgcc.a
LOAD c:/program files (x86)/atollic/truestudio for stm32 9.3.0/armtools/bin/../lib/gcc/arm-atollic-eabi/6.3.1/../../../../arm-atollic-eabi/lib/armv7e-m/fpu\libc_nano.a
END GROUP
START GROUP
LOAD c:/program files (x86)/atollic/truestudio for stm32 9.3.0/armtools/bin/../lib/gcc/arm-atollic-eabi/6.3.1/armv7e-m/fpu\libgcc.a
LOAD c:/program files (x86)/atollic/truestudio for stm32 9.3.0/armtools/bin/../lib/gcc/arm-atollic-eabi/6.3.1/../../../../arm-atollic-eabi/lib/armv7e-m/fpu\libc_nano.a
LOAD c:/program files (x86)/atollic/truestudio for stm32 9.3.0/armtools/bin/../lib/gcc/arm-atollic-eabi/6.3.1/../../../../arm-atollic-eabi/lib/armv7e-m/fpu\libnosys.a
END GROUP
START GROUP
LOAD c:/program files (x86)/atollic/truestudio for stm32 9.3.0/armtools/bin/../lib/gcc/arm-atollic-eabi/6.3.1/armv7e-m/fpu\libgcc.a
LOAD c:/program files (x86)/atollic/truestudio for stm32 9.3.0/armtools/bin/../lib/gcc/arm-atollic-eabi/6.3.1/../../../../arm-atollic-eabi/lib/armv7e-m/fpu\libc_nano.a
LOAD c:/program files (x86)/atollic/truestudio for stm32 9.3.0/armtools/bin/../lib/gcc/arm-atollic-eabi/6.3.1/../../../../arm-atollic-eabi/lib/armv7e-m/fpu\libnosys.a
END GROUP
LOAD c:/program files (x86)/atollic/truestudio for stm32 9.3.0/armtools/bin/../lib/gcc/arm-atollic-eabi/6.3.1/armv7e-m/fpu/crtend.o
LOAD c:/program files (x86)/atollic/truestudio for stm32 9.3.0/armtools/bin/../lib/gcc/arm-atollic-eabi/6.3.1/armv7e-m/fpu/crtn.o
                0x20020000                _estack = 0x20020000
                0x00000200                _Min_Heap_Size = 0x200
                0x00000400                _Min_Stack_Size = 0x400

.isr_vector     0x08000000      0x188
                0x08000000                . = ALIGN (0x4)
 *(.isr_vector)
 .isr_vector    0x08000000      0x188 startup\startup_stm32f407xx.o
                0x08000000                g_pfnVectors
                0x08000188                . = ALIGN (0x4)

.text           0x08000190     0x7928
                0x08000190                . = ALIGN (0x4)
 *(.text)
 .text          0x08000190       0x40 c:/program files (x86)/atollic/truestudio for stm32 9.3.0/armtools/bin/../lib/gcc/arm-atollic-eabi/6.3.1/armv7e-m/fpu/crtbegin.o
 .text          0x080001d0       0xa0 c:/program files (x86)/atollic/truestudio for stm32 9.3.0/armtools/bin/../lib/gcc/arm-atollic-eabi/6.3.1/../../../../arm-atollic-eabi/lib/armv7e-m/fpu\libc_nano.a(lib_a-memchr.o)
                0x080001d0                memchr
 .text          0x08000270       0x30 c:/program files (x86)/atollic/truestudio for stm32 9.3.0/armtools/bin/../lib/gcc/arm-atollic-eabi/6.3.1/armv7e-m/fpu\libgcc.a(_aeabi_uldivmod.o)
                0x08000270                __aeabi_uldivmod
 .text          0x080002a0      0x2dc c:/program files (x86)/atollic/truestudio for stm32 9.3.0/armtools/bin/../lib/gcc/arm-atollic-eabi/6.3.1/armv7e-m/fpu\libgcc.a(_udivmoddi4.o)
                0x080002a0                __udivmoddi4
 .text          0x0800057c        0x4 c:/program files (x86)/atollic/truestudio for stm32 9.3.0/armtools/bin/../lib/gcc/arm-atollic-eabi/6.3.1/armv7e-m/fpu\libgcc.a(_dvmd_tls.o)
                0x0800057c                __aeabi_idiv0
                0x0800057c                __aeabi_ldiv0
 *(.text*)
 .text.HAL_InitTick
                0x08000580       0x48 Drivers\STM32F4xx_HAL_Driver\Src\stm32f4xx_hal.o
                0x08000580                HAL_InitTick
 .text.HAL_Init
                0x080005c8       0x34 Drivers\STM32F4xx_HAL_Driver\Src\stm32f4xx_hal.o
                0x080005c8                HAL_Init
 .text.HAL_IncTick
                0x080005fc       0x18 Drivers\STM32F4xx_HAL_Driver\Src\stm32f4xx_hal.o
                0x080005fc                HAL_IncTick
 .text.HAL_GetTick
                0x08000614        0xc Drivers\STM32F4xx_HAL_Driver\Src\stm32f4xx_hal.o
                0x08000614                HAL_GetTick
 .text.HAL_Delay
                0x08000620       0x28 Drivers\STM32F4xx_HAL_Driver\Src\stm32f4xx_hal.o
                0x08000620                HAL_Delay
 .text.HAL_NVIC_SetPriorityGrouping
                0x08000648       0x24 Drivers\STM32F4xx_HAL_Driver\Src\stm32f4xx_hal_cortex.o
                0x08000648                HAL_NVIC_SetPriorityGrouping
 .text.HAL_NVIC_SetPriority
                0x0800066c       0x68 Drivers\STM32F4xx_HAL_Driver\Src\stm32f4xx_hal_cortex.o
                0x0800066c                HAL_NVIC_SetPriority
 .text.HAL_SYSTICK_Config
                0x080006d4       0x2c Drivers\STM32F4xx_HAL_Driver\Src\stm32f4xx_hal_cortex.o
                0x080006d4                HAL_SYSTICK_Config
 .text.ETH_Delay.constprop.4
                0x08000700       0x24 Drivers\STM32F4xx_HAL_Driver\Src\stm32f4xx_hal_eth.o
 .text.ETH_FlushTransmitFIFO
                0x08000724       0x28 Drivers\STM32F4xx_HAL_Driver\Src\stm32f4xx_hal_eth.o
 .text.ETH_MACDMAConfig
                0x0800074c       0xf8 Drivers\STM32F4xx_HAL_Driver\Src\stm32f4xx_hal_eth.o
 .text.HAL_ETH_DMATxDescListInit
                0x08000844       0x7a Drivers\STM32F4xx_HAL_Driver\Src\stm32f4xx_hal_eth.o
                0x08000844                HAL_ETH_DMATxDescListInit
 .text.HAL_ETH_DMARxDescListInit
                0x080008be       0x78 Drivers\STM32F4xx_HAL_Driver\Src\stm32f4xx_hal_eth.o
                0x080008be                HAL_ETH_DMARxDescListInit
 *fill*         0x08000936        0x2 
 .text.HAL_ETH_TransmitFrame
                0x08000938       0xe8 Drivers\STM32F4xx_HAL_Driver\Src\stm32f4xx_hal_eth.o
                0x08000938                HAL_ETH_TransmitFrame
 .text.HAL_ETH_GetReceivedFrame
                0x08000a20       0x7e Drivers\STM32F4xx_HAL_Driver\Src\stm32f4xx_hal_eth.o
                0x08000a20                HAL_ETH_GetReceivedFrame
 .text.HAL_ETH_ReadPHYRegister
                0x08000a9e       0x74 Drivers\STM32F4xx_HAL_Driver\Src\stm32f4xx_hal_eth.o
                0x08000a9e                HAL_ETH_ReadPHYRegister
 .text.HAL_ETH_WritePHYRegister
                0x08000b12       0x6e Drivers\STM32F4xx_HAL_Driver\Src\stm32f4xx_hal_eth.o
                0x08000b12                HAL_ETH_WritePHYRegister
 .text.HAL_ETH_Init
                0x08000b80      0x1f8 Drivers\STM32F4xx_HAL_Driver\Src\stm32f4xx_hal_eth.o
                0x08000b80                HAL_ETH_Init
 .text.HAL_ETH_Start
                0x08000d78       0x78 Drivers\STM32F4xx_HAL_Driver\Src\stm32f4xx_hal_eth.o
                0x08000d78                HAL_ETH_Start
 .text.HAL_GPIO_Init
                0x08000df0      0x1c0 Drivers\STM32F4xx_HAL_Driver\Src\stm32f4xx_hal_gpio.o
                0x08000df0                HAL_GPIO_Init
 .text.HAL_GPIO_WritePin
                0x08000fb0        0xa Drivers\STM32F4xx_HAL_Driver\Src\stm32f4xx_hal_gpio.o
                0x08000fb0                HAL_GPIO_WritePin
 .text.HAL_GPIO_TogglePin
                0x08000fba        0xe Drivers\STM32F4xx_HAL_Driver\Src\stm32f4xx_hal_gpio.o
                0x08000fba                HAL_GPIO_TogglePin
 .text.HAL_RCC_OscConfig
                0x08000fc8      0x34c Drivers\STM32F4xx_HAL_Driver\Src\stm32f4xx_hal_rcc.o
                0x08000fc8                HAL_RCC_OscConfig
 .text.HAL_RCC_GetSysClockFreq
                0x08001314       0x5c Drivers\STM32F4xx_HAL_Driver\Src\stm32f4xx_hal_rcc.o
                0x08001314                HAL_RCC_GetSysClockFreq
 .text.HAL_RCC_ClockConfig
                0x08001370      0x138 Drivers\STM32F4xx_HAL_Driver\Src\stm32f4xx_hal_rcc.o
                0x08001370                HAL_RCC_ClockConfig
 .text.HAL_RCC_GetHCLKFreq
                0x080014a8        0xc Drivers\STM32F4xx_HAL_Driver\Src\stm32f4xx_hal_rcc.o
                0x080014a8                HAL_RCC_GetHCLKFreq
 .text.HAL_RCC_GetPCLK1Freq
                0x080014b4       0x20 Drivers\STM32F4xx_HAL_Driver\Src\stm32f4xx_hal_rcc.o
                0x080014b4                HAL_RCC_GetPCLK1Freq
 .text.HAL_RCC_GetPCLK2Freq
                0x080014d4       0x20 Drivers\STM32F4xx_HAL_Driver\Src\stm32f4xx_hal_rcc.o
                0x080014d4                HAL_RCC_GetPCLK2Freq
 .text.UART_SetConfig
                0x080014f4       0xdc Drivers\STM32F4xx_HAL_Driver\Src\stm32f4xx_hal_uart.o
 .text.HAL_UART_Init
                0x080015d0       0x5c Drivers\STM32F4xx_HAL_Driver\Src\stm32f4xx_hal_uart.o
                0x080015d0                HAL_UART_Init
 .text.lwip_htons
                0x0800162c        0x6 Middlewares\Third_Party\LwIP\src\core\def.o
                0x0800162c                lwip_htons
 .text.lwip_htonl
                0x08001632        0x4 Middlewares\Third_Party\LwIP\src\core\def.o
                0x08001632                lwip_htonl
 .text.lwip_init
                0x08001636       0x1e Middlewares\Third_Party\LwIP\src\core\init.o
                0x08001636                lwip_init
 .text.etharp_free_entry
                0x08001654       0x28 Middlewares\Third_Party\LwIP\src\core\ipv4\etharp.o
 .text.etharp_raw
                0x0800167c       0xd8 Middlewares\Third_Party\LwIP\src\core\ipv4\etharp.o
 .text.etharp_find_entry.isra.0
                0x08001754      0x114 Middlewares\Third_Party\LwIP\src\core\ipv4\etharp.o
 .text.etharp_cleanup_netif
                0x08001868       0x28 Middlewares\Third_Party\LwIP\src\core\ipv4\etharp.o
                0x08001868                etharp_cleanup_netif
 .text.etharp_input
                0x08001890      0x13c Middlewares\Third_Party\LwIP\src\core\ipv4\etharp.o
                0x08001890                etharp_input
 .text.etharp_request
                0x080019cc       0x2c Middlewares\Third_Party\LwIP\src\core\ipv4\etharp.o
                0x080019cc                etharp_request
 .text.etharp_tmr
                0x080019f8       0x54 Middlewares\Third_Party\LwIP\src\core\ipv4\etharp.o
                0x080019f8                etharp_tmr
 .text.etharp_output_to_arp_index
                0x08001a4c       0xb8 Middlewares\Third_Party\LwIP\src\core\ipv4\etharp.o
 .text.etharp_query
                0x08001b04      0x150 Middlewares\Third_Party\LwIP\src\core\ipv4\etharp.o
                0x08001b04                etharp_query
 .text.etharp_output
                0x08001c54      0x128 Middlewares\Third_Party\LwIP\src\core\ipv4\etharp.o
                0x08001c54                etharp_output
 .text.icmp_send_response.isra.0
                0x08001d7c       0x94 Middlewares\Third_Party\LwIP\src\core\ipv4\icmp.o
 .text.icmp_input
                0x08001e10      0x130 Middlewares\Third_Party\LwIP\src\core\ipv4\icmp.o
                0x08001e10                icmp_input
 .text.icmp_dest_unreach
                0x08001f40        0xa Middlewares\Third_Party\LwIP\src\core\ipv4\icmp.o
                0x08001f40                icmp_dest_unreach
 .text.icmp_time_exceeded
                0x08001f4a        0xa Middlewares\Third_Party\LwIP\src\core\ipv4\icmp.o
                0x08001f4a                icmp_time_exceeded
 .text.ip4_route
                0x08001f54       0x58 Middlewares\Third_Party\LwIP\src\core\ipv4\ip4.o
                0x08001f54                ip4_route
 .text.ip4_input
                0x08001fac      0x184 Middlewares\Third_Party\LwIP\src\core\ipv4\ip4.o
                0x08001fac                ip4_input
 .text.ip4_output_if_src
                0x08002130       0xf0 Middlewares\Third_Party\LwIP\src\core\ipv4\ip4.o
                0x08002130                ip4_output_if_src
 .text.ip4_output_if
                0x08002220       0x22 Middlewares\Third_Party\LwIP\src\core\ipv4\ip4.o
                0x08002220                ip4_output_if
 .text.ip4_addr_isbroadcast_u32
                0x08002242       0x32 Middlewares\Third_Party\LwIP\src\core\ipv4\ip4_addr.o
                0x08002242                ip4_addr_isbroadcast_u32
 .text.ip_reass_dequeue_datagram
                0x08002274       0x44 Middlewares\Third_Party\LwIP\src\core\ipv4\ip4_frag.o
 .text.ip_reass_free_complete_datagram
                0x080022b8       0xe8 Middlewares\Third_Party\LwIP\src\core\ipv4\ip4_frag.o
 .text.ip_reass_remove_oldest_datagram
                0x080023a0       0x78 Middlewares\Third_Party\LwIP\src\core\ipv4\ip4_frag.o
 .text.ip_frag_free_pbuf_custom_ref
                0x08002418       0x2c Middlewares\Third_Party\LwIP\src\core\ipv4\ip4_frag.o
 .text.ipfrag_free_pbuf_custom
                0x08002444       0x34 Middlewares\Third_Party\LwIP\src\core\ipv4\ip4_frag.o
 .text.ip_reass_tmr
                0x08002478       0x28 Middlewares\Third_Party\LwIP\src\core\ipv4\ip4_frag.o
                0x08002478                ip_reass_tmr
 .text.ip4_reass
                0x080024a0      0x354 Middlewares\Third_Party\LwIP\src\core\ipv4\ip4_frag.o
                0x080024a0                ip4_reass
 .text.ip4_frag
                0x080027f4      0x1b4 Middlewares\Third_Party\LwIP\src\core\ipv4\ip4_frag.o
                0x080027f4                ip4_frag
 .text.mem_init
                0x080029a8       0x40 Middlewares\Third_Party\LwIP\src\core\mem.o
                0x080029a8                mem_init
 .text.mem_free
                0x080029e8      0x150 Middlewares\Third_Party\LwIP\src\core\mem.o
                0x080029e8                mem_free
 .text.mem_trim
                0x08002b38       0xf0 Middlewares\Third_Party\LwIP\src\core\mem.o
                0x08002b38                mem_trim
 .text.mem_malloc
                0x08002c28      0x124 Middlewares\Third_Party\LwIP\src\core\mem.o
                0x08002c28                mem_malloc
 .text.do_memp_malloc_pool.isra.0
                0x08002d4c       0x2c Middlewares\Third_Party\LwIP\src\core\memp.o
 .text.do_memp_free_pool.isra.1
                0x08002d78       0x30 Middlewares\Third_Party\LwIP\src\core\memp.o
 .text.memp_init_pool
                0x08002da8       0x26 Middlewares\Third_Party\LwIP\src\core\memp.o
                0x08002da8                memp_init_pool
 *fill*         0x08002dce        0x2 
 .text.memp_init
                0x08002dd0       0x1c Middlewares\Third_Party\LwIP\src\core\memp.o
                0x08002dd0                memp_init
 .text.memp_malloc
                0x08002dec       0x38 Middlewares\Third_Party\LwIP\src\core\memp.o
                0x08002dec                memp_malloc
 .text.memp_free
                0x08002e24       0x34 Middlewares\Third_Party\LwIP\src\core\memp.o
                0x08002e24                memp_free
 .text.netif_issue_reports.part.0
                0x08002e58       0x12 Middlewares\Third_Party\LwIP\src\core\netif.o
 .text.netif_init
                0x08002e6a        0x2 Middlewares\Third_Party\LwIP\src\core\netif.o
                0x08002e6a                netif_init
 .text.netif_set_ipaddr
                0x08002e6c       0x44 Middlewares\Third_Party\LwIP\src\core\netif.o
                0x08002e6c                netif_set_ipaddr
 .text.netif_set_addr
                0x08002eb0       0x38 Middlewares\Third_Party\LwIP\src\core\netif.o
                0x08002eb0                netif_set_addr
 .text.netif_add
                0x08002ee8       0x7c Middlewares\Third_Party\LwIP\src\core\netif.o
                0x08002ee8                netif_add
 .text.netif_set_default
                0x08002f64        0xc Middlewares\Third_Party\LwIP\src\core\netif.o
                0x08002f64                netif_set_default
 .text.netif_set_up
                0x08002f70       0x1e Middlewares\Third_Party\LwIP\src\core\netif.o
                0x08002f70                netif_set_up
 .text.netif_set_down
                0x08002f8e       0x1a Middlewares\Third_Party\LwIP\src\core\netif.o
                0x08002f8e                netif_set_down
 .text.pbuf_header_impl
                0x08002fa8       0x9c Middlewares\Third_Party\LwIP\src\core\pbuf.o
 .text.pbuf_free_ooseq
                0x08003044       0x2c Middlewares\Third_Party\LwIP\src\core\pbuf.o
                0x08003044                pbuf_free_ooseq
 .text.pbuf_alloced_custom
                0x08003070       0x70 Middlewares\Third_Party\LwIP\src\core\pbuf.o
                0x08003070                pbuf_alloced_custom
 .text.pbuf_header
                0x080030e0        0x6 Middlewares\Third_Party\LwIP\src\core\pbuf.o
                0x080030e0                pbuf_header
 .text.pbuf_header_force
                0x080030e6        0x6 Middlewares\Third_Party\LwIP\src\core\pbuf.o
                0x080030e6                pbuf_header_force
 .text.pbuf_free
                0x080030ec       0xc4 Middlewares\Third_Party\LwIP\src\core\pbuf.o
                0x080030ec                pbuf_free
 .text.pbuf_alloc
                0x080031b0      0x1c0 Middlewares\Third_Party\LwIP\src\core\pbuf.o
                0x080031b0                pbuf_alloc
 .text.pbuf_realloc
                0x08003370       0xe0 Middlewares\Third_Party\LwIP\src\core\pbuf.o
                0x08003370                pbuf_realloc
 .text.pbuf_clen
                0x08003450       0x10 Middlewares\Third_Party\LwIP\src\core\pbuf.o
                0x08003450                pbuf_clen
 .text.pbuf_ref
                0x08003460       0x28 Middlewares\Third_Party\LwIP\src\core\pbuf.o
                0x08003460                pbuf_ref
 .text.pbuf_cat
                0x08003488       0x74 Middlewares\Third_Party\LwIP\src\core\pbuf.o
                0x08003488                pbuf_cat
 .text.pbuf_copy
                0x080034fc      0x114 Middlewares\Third_Party\LwIP\src\core\pbuf.o
                0x080034fc                pbuf_copy
 .text.pbuf_copy_partial
                0x08003610       0x8c Middlewares\Third_Party\LwIP\src\core\pbuf.o
                0x08003610                pbuf_copy_partial
 .text.tcp_close_shutdown_fin
                0x0800369c       0x60 Middlewares\Third_Party\LwIP\src\core\tcp.o
 .text.tcp_init
                0x080036fc        0x2 Middlewares\Third_Party\LwIP\src\core\tcp.o
                0x080036fc                tcp_init
 *fill*         0x080036fe        0x2 
 .text.tcp_update_rcv_ann_wnd
                0x08003700       0x58 Middlewares\Third_Party\LwIP\src\core\tcp.o
                0x08003700                tcp_update_rcv_ann_wnd
 .text.tcp_recved
                0x08003758       0x7c Middlewares\Third_Party\LwIP\src\core\tcp.o
                0x08003758                tcp_recved
 .text.tcp_seg_free
                0x080037d4       0x1c Middlewares\Third_Party\LwIP\src\core\tcp.o
                0x080037d4                tcp_seg_free
 .text.tcp_segs_free
                0x080037f0       0x10 Middlewares\Third_Party\LwIP\src\core\tcp.o
                0x080037f0                tcp_segs_free
 .text.tcp_seg_copy
                0x08003800       0x2c Middlewares\Third_Party\LwIP\src\core\tcp.o
                0x08003800                tcp_seg_copy
 .text.tcp_pcb_purge
                0x0800382c       0x40 Middlewares\Third_Party\LwIP\src\core\tcp.o
                0x0800382c                tcp_pcb_purge
 .text.tcp_slowtmr
                0x0800386c      0x3c4 Middlewares\Third_Party\LwIP\src\core\tcp.o
                0x0800386c                tcp_slowtmr
 .text.tcp_pcb_remove
                0x08003c30       0xa0 Middlewares\Third_Party\LwIP\src\core\tcp.o
                0x08003c30                tcp_pcb_remove
 .text.tcp_close_shutdown
                0x08003cd0      0x14c Middlewares\Third_Party\LwIP\src\core\tcp.o
 .text.tcp_close
                0x08003e1c       0x14 Middlewares\Third_Party\LwIP\src\core\tcp.o
                0x08003e1c                tcp_close
 .text.tcp_recv_null
                0x08003e30       0x24 Middlewares\Third_Party\LwIP\src\core\tcp.o
                0x08003e30                tcp_recv_null
 .text.tcp_process_refused_data
                0x08003e54       0x66 Middlewares\Third_Party\LwIP\src\core\tcp.o
                0x08003e54                tcp_process_refused_data
 *fill*         0x08003eba        0x2 
 .text.tcp_fasttmr
                0x08003ebc       0x80 Middlewares\Third_Party\LwIP\src\core\tcp.o
                0x08003ebc                tcp_fasttmr
 .text.tcp_tmr  0x08003f3c       0x24 Middlewares\Third_Party\LwIP\src\core\tcp.o
                0x08003f3c                tcp_tmr
 .text.tcp_abandon
                0x08003f60       0xec Middlewares\Third_Party\LwIP\src\core\tcp.o
                0x08003f60                tcp_abandon
 .text.tcp_abort
                0x0800404c        0x6 Middlewares\Third_Party\LwIP\src\core\tcp.o
                0x0800404c                tcp_abort
 .text.tcp_netif_ip_addr_changed_pcblist
                0x08004052       0x1c Middlewares\Third_Party\LwIP\src\core\tcp.o
 *fill*         0x0800406e        0x2 
 .text.tcp_kill_state
                0x08004070       0x60 Middlewares\Third_Party\LwIP\src\core\tcp.o
 .text.tcp_alloc
                0x080040d0      0x110 Middlewares\Third_Party\LwIP\src\core\tcp.o
                0x080040d0                tcp_alloc
 .text.tcp_next_iss
                0x080041e0       0x18 Middlewares\Third_Party\LwIP\src\core\tcp.o
                0x080041e0                tcp_next_iss
 .text.tcp_eff_send_mss_impl
                0x080041f8       0x1e Middlewares\Third_Party\LwIP\src\core\tcp.o
                0x080041f8                tcp_eff_send_mss_impl
 *fill*         0x08004216        0x2 
 .text.tcp_netif_ip_addr_changed
                0x08004218       0x4c Middlewares\Third_Party\LwIP\src\core\tcp.o
                0x08004218                tcp_netif_ip_addr_changed
 .text.tcp_oos_insert_segment
                0x08004264       0x7c Middlewares\Third_Party\LwIP\src\core\tcp_in.o
 .text.tcp_receive
                0x080042e0      0x998 Middlewares\Third_Party\LwIP\src\core\tcp_in.o
 .text.tcp_getoptbyte
                0x08004c78       0x40 Middlewares\Third_Party\LwIP\src\core\tcp_in.o
 .text.tcp_parseopt.isra.1.part.2
                0x08004cb8       0x70 Middlewares\Third_Party\LwIP\src\core\tcp_in.o
 .text.tcp_input_delayed_close
                0x08004d28       0x40 Middlewares\Third_Party\LwIP\src\core\tcp_in.o
 .text.tcp_input
                0x08004d68      0x9fc Middlewares\Third_Party\LwIP\src\core\tcp_in.o
                0x08004d68                tcp_input
 .text.tcp_trigger_input_pcb_close
                0x08005764       0x10 Middlewares\Third_Party\LwIP\src\core\tcp_in.o
                0x08005764                tcp_trigger_input_pcb_close
 .text.tcp_create_segment
                0x08005774       0xd0 Middlewares\Third_Party\LwIP\src\core\tcp_out.o
 .text.tcp_output_alloc_header.constprop.0
                0x08005844       0x78 Middlewares\Third_Party\LwIP\src\core\tcp_out.o
 .text.tcp_enqueue_flags
                0x080058bc      0x130 Middlewares\Third_Party\LwIP\src\core\tcp_out.o
                0x080058bc                tcp_enqueue_flags
 .text.tcp_send_fin
                0x080059ec       0x44 Middlewares\Third_Party\LwIP\src\core\tcp_out.o
                0x080059ec                tcp_send_fin
 .text.tcp_send_empty_ack
                0x08005a30       0x6a Middlewares\Third_Party\LwIP\src\core\tcp_out.o
                0x08005a30                tcp_send_empty_ack
 *fill*         0x08005a9a        0x2 
 .text.tcp_output
                0x08005a9c      0x2fc Middlewares\Third_Party\LwIP\src\core\tcp_out.o
                0x08005a9c                tcp_output
 .text.tcp_rst  0x08005d98       0xb4 Middlewares\Third_Party\LwIP\src\core\tcp_out.o
                0x08005d98                tcp_rst
 .text.tcp_rexmit_rto
                0x08005e4c       0x38 Middlewares\Third_Party\LwIP\src\core\tcp_out.o
                0x08005e4c                tcp_rexmit_rto
 .text.tcp_rexmit
                0x08005e84       0x52 Middlewares\Third_Party\LwIP\src\core\tcp_out.o
                0x08005e84                tcp_rexmit
 .text.tcp_rexmit_fast
                0x08005ed6       0x4e Middlewares\Third_Party\LwIP\src\core\tcp_out.o
                0x08005ed6                tcp_rexmit_fast
 .text.tcp_keepalive
                0x08005f24       0x54 Middlewares\Third_Party\LwIP\src\core\tcp_out.o
                0x08005f24                tcp_keepalive
 .text.tcp_zero_window_probe
                0x08005f78       0xc0 Middlewares\Third_Party\LwIP\src\core\tcp_out.o
                0x08005f78                tcp_zero_window_probe
 .text.sys_timeout
                0x08006038       0xa4 Middlewares\Third_Party\LwIP\src\core\timeouts.o
                0x08006038                sys_timeout
 .text.tcp_timer_needed
                0x080060dc       0x34 Middlewares\Third_Party\LwIP\src\core\timeouts.o
                0x080060dc                tcp_timer_needed
 .text.tcpip_tcp_timer
                0x08006110       0x38 Middlewares\Third_Party\LwIP\src\core\timeouts.o
 .text.sys_timeouts_init
                0x08006148       0x38 Middlewares\Third_Party\LwIP\src\core\timeouts.o
                0x08006148                sys_timeouts_init
 .text.cyclic_timer
                0x08006180       0x1c Middlewares\Third_Party\LwIP\src\core\timeouts.o
 .text.sys_check_timeouts
                0x0800619c       0x60 Middlewares\Third_Party\LwIP\src\core\timeouts.o
                0x0800619c                sys_check_timeouts
 .text.udp_init
                0x080061fc        0x2 Middlewares\Third_Party\LwIP\src\core\udp.o
                0x080061fc                udp_init
 *fill*         0x080061fe        0x2 
 .text.udp_input
                0x08006200      0x130 Middlewares\Third_Party\LwIP\src\core\udp.o
                0x08006200                udp_input
 .text.udp_netif_ip_addr_changed
                0x08006330       0x2c Middlewares\Third_Party\LwIP\src\core\udp.o
                0x08006330                udp_netif_ip_addr_changed
 .text.ethernet_input
                0x0800635c       0x98 Middlewares\Third_Party\LwIP\src\netif\ethernet.o
                0x0800635c                ethernet_input
 .text.ethernet_output
                0x080063f4       0x70 Middlewares\Third_Party\LwIP\src\netif\ethernet.o
                0x080063f4                ethernet_output
 .text.low_level_output
                0x08006464       0xa0 Src\ethernetif.o
 .text.HAL_ETH_MspInit
                0x08006504       0xe4 Src\ethernetif.o
                0x08006504                HAL_ETH_MspInit
 .text.ethernetif_input
                0x080065e8       0xe0 Src\ethernetif.o
                0x080065e8                ethernetif_input
 .text.ethernetif_init
                0x080066c8      0x130 Src\ethernetif.o
                0x080066c8                ethernetif_init
 .text.sys_now  0x080067f8        0x4 Src\ethernetif.o
                0x080067f8                sys_now
 .text.MX_LWIP_Init
                0x080067fc       0xdc Src\lwip.o
                0x080067fc                MX_LWIP_Init
 .text.MX_LWIP_Process
                0x080068d8       0x14 Src\lwip.o
                0x080068d8                MX_LWIP_Process
 .text.SystemClock_Config
                0x080068ec       0x98 Src\main.o
                0x080068ec                SystemClock_Config
 .text.startup.main
                0x08006984       0xe8 Src\main.o
                0x08006984                main
 .text.HAL_MspInit
                0x08006a6c       0x40 Src\stm32f4xx_hal_msp.o
                0x08006a6c                HAL_MspInit
 .text.HAL_UART_MspInit
                0x08006aac       0x70 Src\stm32f4xx_hal_msp.o
                0x08006aac                HAL_UART_MspInit
 .text.NMI_Handler
                0x08006b1c        0x2 Src\stm32f4xx_it.o
                0x08006b1c                NMI_Handler
 .text.HardFault_Handler
                0x08006b1e        0x2 Src\stm32f4xx_it.o
                0x08006b1e                HardFault_Handler
 .text.MemManage_Handler
                0x08006b20        0x2 Src\stm32f4xx_it.o
                0x08006b20                MemManage_Handler
 .text.BusFault_Handler
                0x08006b22        0x2 Src\stm32f4xx_it.o
                0x08006b22                BusFault_Handler
 .text.UsageFault_Handler
                0x08006b24        0x2 Src\stm32f4xx_it.o
                0x08006b24                UsageFault_Handler
 .text.SVC_Handler
                0x08006b26        0x2 Src\stm32f4xx_it.o
                0x08006b26                SVC_Handler
 .text.DebugMon_Handler
                0x08006b28        0x2 Src\stm32f4xx_it.o
                0x08006b28                DebugMon_Handler
 .text.PendSV_Handler
                0x08006b2a        0x2 Src\stm32f4xx_it.o
                0x08006b2a                PendSV_Handler
 .text.SysTick_Handler
                0x08006b2c        0x4 Src\stm32f4xx_it.o
                0x08006b2c                SysTick_Handler
 .text._read    0x08006b30       0x1c Src\syscalls.o
                0x08006b30                _read
 .text._write   0x08006b4c       0x1c Src\syscalls.o
                0x08006b4c                _write
 .text._sbrk    0x08006b68       0x34 Src\syscalls.o
                0x08006b68                _sbrk
 .text._close   0x08006b9c        0x6 Src\syscalls.o
                0x08006b9c                _close
 .text._fstat   0x08006ba2        0xa Src\syscalls.o
                0x08006ba2                _fstat
 .text._isatty  0x08006bac        0x4 Src\syscalls.o
                0x08006bac                _isatty
 .text._lseek   0x08006bb0        0x4 Src\syscalls.o
                0x08006bb0                _lseek
 .text.SystemInit
                0x08006bb4       0x1c Src\system_stm32f4xx.o
                0x08006bb4                SystemInit
 .text.Reset_Handler
                0x08006bd0       0x50 startup\startup_stm32f407xx.o
                0x08006bd0                Reset_Handler
 .text.Default_Handler
                0x08006c20        0x2 startup\startup_stm32f407xx.o
                0x08006c20                RTC_Alarm_IRQHandler
                0x08006c20                HASH_RNG_IRQHandler
                0x08006c20                EXTI2_IRQHandler
                0x08006c20                TIM8_CC_IRQHandler
                0x08006c20                TIM1_CC_IRQHandler
                0x08006c20                DMA2_Stream5_IRQHandler
                0x08006c20                DMA1_Stream5_IRQHandler
                0x08006c20                PVD_IRQHandler
                0x08006c20                SDIO_IRQHandler
                0x08006c20                TAMP_STAMP_IRQHandler
                0x08006c20                CAN2_RX1_IRQHandler
                0x08006c20                EXTI3_IRQHandler
                0x08006c20                TIM8_TRG_COM_TIM14_IRQHandler
                0x08006c20                TIM1_UP_TIM10_IRQHandler
                0x08006c20                TIM8_UP_TIM13_IRQHandler
                0x08006c20                I2C3_ER_IRQHandler
                0x08006c20                EXTI0_IRQHandler
                0x08006c20                I2C2_EV_IRQHandler
                0x08006c20                DMA1_Stream2_IRQHandler
                0x08006c20                CAN1_RX0_IRQHandler
                0x08006c20                FPU_IRQHandler
                0x08006c20                OTG_HS_WKUP_IRQHandler
                0x08006c20                CAN2_SCE_IRQHandler
                0x08006c20                DMA2_Stream2_IRQHandler
                0x08006c20                SPI1_IRQHandler
                0x08006c20                TIM6_DAC_IRQHandler
                0x08006c20                TIM1_BRK_TIM9_IRQHandler
                0x08006c20                DCMI_IRQHandler
                0x08006c20                CAN2_RX0_IRQHandler
                0x08006c20                DMA2_Stream3_IRQHandler
                0x08006c20                USART6_IRQHandler
                0x08006c20                USART3_IRQHandler
                0x08006c20                CAN1_RX1_IRQHandler
                0x08006c20                UART5_IRQHandler
                0x08006c20                DMA2_Stream0_IRQHandler
                0x08006c20                TIM4_IRQHandler
                0x08006c20                I2C1_EV_IRQHandler
                0x08006c20                DMA1_Stream6_IRQHandler
                0x08006c20                DMA1_Stream1_IRQHandler
                0x08006c20                UART4_IRQHandler
                0x08006c20                TIM3_IRQHandler
                0x08006c20                RCC_IRQHandler
                0x08006c20                TIM8_BRK_TIM12_IRQHandler
                0x08006c20                Default_Handler
                0x08006c20                EXTI15_10_IRQHandler
                0x08006c20                ADC_IRQHandler
                0x08006c20                DMA1_Stream7_IRQHandler
                0x08006c20                TIM7_IRQHandler
                0x08006c20                CAN2_TX_IRQHandler
                0x08006c20                TIM5_IRQHandler
                0x08006c20                DMA2_Stream7_IRQHandler
                0x08006c20                I2C3_EV_IRQHandler
                0x08006c20                EXTI9_5_IRQHandler
                0x08006c20                RTC_WKUP_IRQHandler
                0x08006c20                ETH_WKUP_IRQHandler
                0x08006c20                SPI2_IRQHandler
                0x08006c20                OTG_HS_EP1_IN_IRQHandler
                0x08006c20                DMA1_Stream0_IRQHandler
                0x08006c20                CAN1_TX_IRQHandler
                0x08006c20                EXTI4_IRQHandler
                0x08006c20                FSMC_IRQHandler
                0x08006c20                ETH_IRQHandler
                0x08006c20                OTG_HS_EP1_OUT_IRQHandler
                0x08006c20                WWDG_IRQHandler
                0x08006c20                TIM2_IRQHandler
                0x08006c20                OTG_FS_WKUP_IRQHandler
                0x08006c20                TIM1_TRG_COM_TIM11_IRQHandler
                0x08006c20                OTG_HS_IRQHandler
                0x08006c20                EXTI1_IRQHandler
                0x08006c20                USART2_IRQHandler
                0x08006c20                I2C2_ER_IRQHandler
                0x08006c20                DMA2_Stream1_IRQHandler
                0x08006c20                CAN1_SCE_IRQHandler
                0x08006c20                FLASH_IRQHandler
                0x08006c20                DMA2_Stream4_IRQHandler
                0x08006c20                USART1_IRQHandler
                0x08006c20                OTG_FS_IRQHandler
                0x08006c20                SPI3_IRQHandler
                0x08006c20                DMA1_Stream4_IRQHandler
                0x08006c20                I2C1_ER_IRQHandler
                0x08006c20                DMA2_Stream6_IRQHandler
                0x08006c20                DMA1_Stream3_IRQHandler
 *fill*         0x08006c22        0x2 
 .text.__libc_init_array
                0x08006c24       0x48 c:/program files (x86)/atollic/truestudio for stm32 9.3.0/armtools/bin/../lib/gcc/arm-atollic-eabi/6.3.1/../../../../arm-atollic-eabi/lib/armv7e-m/fpu\libc_nano.a(lib_a-init.o)
                0x08006c24                __libc_init_array
 .text.memcmp   0x08006c6c       0x1e c:/program files (x86)/atollic/truestudio for stm32 9.3.0/armtools/bin/../lib/gcc/arm-atollic-eabi/6.3.1/../../../../arm-atollic-eabi/lib/armv7e-m/fpu\libc_nano.a(lib_a-memcmp.o)
                0x08006c6c                memcmp
 .text.memcpy   0x08006c8a       0x16 c:/program files (x86)/atollic/truestudio for stm32 9.3.0/armtools/bin/../lib/gcc/arm-atollic-eabi/6.3.1/../../../../arm-atollic-eabi/lib/armv7e-m/fpu\libc_nano.a(lib_a-memcpy-stub.o)
                0x08006c8a                memcpy
 .text.memset   0x08006ca0       0x10 c:/program files (x86)/atollic/truestudio for stm32 9.3.0/armtools/bin/../lib/gcc/arm-atollic-eabi/6.3.1/../../../../arm-atollic-eabi/lib/armv7e-m/fpu\libc_nano.a(lib_a-memset.o)
                0x08006ca0                memset
 .text.printf   0x08006cb0       0x30 c:/program files (x86)/atollic/truestudio for stm32 9.3.0/armtools/bin/../lib/gcc/arm-atollic-eabi/6.3.1/../../../../arm-atollic-eabi/lib/armv7e-m/fpu\libc_nano.a(lib_a-printf.o)
                0x08006cb0                iprintf
                0x08006cb0                printf
 .text._cleanup_r
                0x08006ce0        0xc c:/program files (x86)/atollic/truestudio for stm32 9.3.0/armtools/bin/../lib/gcc/arm-atollic-eabi/6.3.1/../../../../arm-atollic-eabi/lib/armv7e-m/fpu\libc_nano.a(lib_a-findfp.o)
                0x08006ce0                _cleanup_r
 .text.std.isra.0
                0x08006cec       0x48 c:/program files (x86)/atollic/truestudio for stm32 9.3.0/armtools/bin/../lib/gcc/arm-atollic-eabi/6.3.1/../../../../arm-atollic-eabi/lib/armv7e-m/fpu\libc_nano.a(lib_a-findfp.o)
 .text.__sfmoreglue
                0x08006d34       0x2c c:/program files (x86)/atollic/truestudio for stm32 9.3.0/armtools/bin/../lib/gcc/arm-atollic-eabi/6.3.1/../../../../arm-atollic-eabi/lib/armv7e-m/fpu\libc_nano.a(lib_a-findfp.o)
                0x08006d34                __sfmoreglue
 .text.__sinit  0x08006d60       0x60 c:/program files (x86)/atollic/truestudio for stm32 9.3.0/armtools/bin/../lib/gcc/arm-atollic-eabi/6.3.1/../../../../arm-atollic-eabi/lib/armv7e-m/fpu\libc_nano.a(lib_a-findfp.o)
                0x08006d60                __sinit
 .text.__sfp    0x08006dc0       0x78 c:/program files (x86)/atollic/truestudio for stm32 9.3.0/armtools/bin/../lib/gcc/arm-atollic-eabi/6.3.1/../../../../arm-atollic-eabi/lib/armv7e-m/fpu\libc_nano.a(lib_a-findfp.o)
                0x08006dc0                __sfp
 .text._fwalk_reent
                0x08006e38       0x3c c:/program files (x86)/atollic/truestudio for stm32 9.3.0/armtools/bin/../lib/gcc/arm-atollic-eabi/6.3.1/../../../../arm-atollic-eabi/lib/armv7e-m/fpu\libc_nano.a(lib_a-fwalk.o)
                0x08006e38                _fwalk_reent
 .text._free_r  0x08006e74       0x9c c:/program files (x86)/atollic/truestudio for stm32 9.3.0/armtools/bin/../lib/gcc/arm-atollic-eabi/6.3.1/../../../../arm-atollic-eabi/lib/armv7e-m/fpu\libc_nano.a(lib_a-nano-freer.o)
                0x08006e74                _free_r
 .text._malloc_r
                0x08006f10       0xbc c:/program files (x86)/atollic/truestudio for stm32 9.3.0/armtools/bin/../lib/gcc/arm-atollic-eabi/6.3.1/../../../../arm-atollic-eabi/lib/armv7e-m/fpu\libc_nano.a(lib_a-nano-mallocr.o)
                0x08006f10                _malloc_r
 .text.__sfputc_r
                0x08006fcc       0x30 c:/program files (x86)/atollic/truestudio for stm32 9.3.0/armtools/bin/../lib/gcc/arm-atollic-eabi/6.3.1/../../../../arm-atollic-eabi/lib/armv7e-m/fpu\libc_nano.a(lib_a-nano-vfprintf.o)
 .text.__sfputs_r
                0x08006ffc       0x24 c:/program files (x86)/atollic/truestudio for stm32 9.3.0/armtools/bin/../lib/gcc/arm-atollic-eabi/6.3.1/../../../../arm-atollic-eabi/lib/armv7e-m/fpu\libc_nano.a(lib_a-nano-vfprintf.o)
                0x08006ffc                __sfputs_r
 .text._vfprintf_r
                0x08007020      0x22c c:/program files (x86)/atollic/truestudio for stm32 9.3.0/armtools/bin/../lib/gcc/arm-atollic-eabi/6.3.1/../../../../arm-atollic-eabi/lib/armv7e-m/fpu\libc_nano.a(lib_a-nano-vfprintf.o)
                0x08007020                _vfprintf_r
                0x08007020                _vfiprintf_r
 .text._printf_common
                0x0800724c       0xec c:/program files (x86)/atollic/truestudio for stm32 9.3.0/armtools/bin/../lib/gcc/arm-atollic-eabi/6.3.1/../../../../arm-atollic-eabi/lib/armv7e-m/fpu\libc_nano.a(lib_a-nano-vfprintf_i.o)
                0x0800724c                _printf_common
 .text._printf_i
                0x08007338      0x240 c:/program files (x86)/atollic/truestudio for stm32 9.3.0/armtools/bin/../lib/gcc/arm-atollic-eabi/6.3.1/../../../../arm-atollic-eabi/lib/armv7e-m/fpu\libc_nano.a(lib_a-nano-vfprintf_i.o)
                0x08007338                _printf_i
 .text._sbrk_r  0x08007578       0x20 c:/program files (x86)/atollic/truestudio for stm32 9.3.0/armtools/bin/../lib/gcc/arm-atollic-eabi/6.3.1/../../../../arm-atollic-eabi/lib/armv7e-m/fpu\libc_nano.a(lib_a-sbrkr.o)
                0x08007578                _sbrk_r
 .text.__sread  0x08007598       0x22 c:/program files (x86)/atollic/truestudio for stm32 9.3.0/armtools/bin/../lib/gcc/arm-atollic-eabi/6.3.1/../../../../arm-atollic-eabi/lib/armv7e-m/fpu\libc_nano.a(lib_a-stdio.o)
                0x08007598                __sread
 .text.__swrite
                0x080075ba       0x38 c:/program files (x86)/atollic/truestudio for stm32 9.3.0/armtools/bin/../lib/gcc/arm-atollic-eabi/6.3.1/../../../../arm-atollic-eabi/lib/armv7e-m/fpu\libc_nano.a(lib_a-stdio.o)
                0x080075ba                __swrite
 .text.__sseek  0x080075f2       0x24 c:/program files (x86)/atollic/truestudio for stm32 9.3.0/armtools/bin/../lib/gcc/arm-atollic-eabi/6.3.1/../../../../arm-atollic-eabi/lib/armv7e-m/fpu\libc_nano.a(lib_a-stdio.o)
                0x080075f2                __sseek
 .text.__sclose
                0x08007616        0x8 c:/program files (x86)/atollic/truestudio for stm32 9.3.0/armtools/bin/../lib/gcc/arm-atollic-eabi/6.3.1/../../../../arm-atollic-eabi/lib/armv7e-m/fpu\libc_nano.a(lib_a-stdio.o)
                0x08007616                __sclose
 *fill*         0x0800761e        0x2 
 .text.__swbuf_r
                0x08007620       0xa4 c:/program files (x86)/atollic/truestudio for stm32 9.3.0/armtools/bin/../lib/gcc/arm-atollic-eabi/6.3.1/../../../../arm-atollic-eabi/lib/armv7e-m/fpu\libc_nano.a(lib_a-wbuf.o)
                0x08007620                __swbuf_r
 .text._write_r
                0x080076c4       0x24 c:/program files (x86)/atollic/truestudio for stm32 9.3.0/armtools/bin/../lib/gcc/arm-atollic-eabi/6.3.1/../../../../arm-atollic-eabi/lib/armv7e-m/fpu\libc_nano.a(lib_a-writer.o)
                0x080076c4                _write_r
 .text.__swsetup_r
                0x080076e8       0xdc c:/program files (x86)/atollic/truestudio for stm32 9.3.0/armtools/bin/../lib/gcc/arm-atollic-eabi/6.3.1/../../../../arm-atollic-eabi/lib/armv7e-m/fpu\libc_nano.a(lib_a-wsetup.o)
                0x080076e8                __swsetup_r
 .text._close_r
                0x080077c4       0x20 c:/program files (x86)/atollic/truestudio for stm32 9.3.0/armtools/bin/../lib/gcc/arm-atollic-eabi/6.3.1/../../../../arm-atollic-eabi/lib/armv7e-m/fpu\libc_nano.a(lib_a-closer.o)
                0x080077c4                _close_r
 .text.__sflush_r
                0x080077e4      0x110 c:/program files (x86)/atollic/truestudio for stm32 9.3.0/armtools/bin/../lib/gcc/arm-atollic-eabi/6.3.1/../../../../arm-atollic-eabi/lib/armv7e-m/fpu\libc_nano.a(lib_a-fflush.o)
                0x080077e4                __sflush_r
 .text._fflush_r
                0x080078f4       0x54 c:/program files (x86)/atollic/truestudio for stm32 9.3.0/armtools/bin/../lib/gcc/arm-atollic-eabi/6.3.1/../../../../arm-atollic-eabi/lib/armv7e-m/fpu\libc_nano.a(lib_a-fflush.o)
                0x080078f4                _fflush_r
 .text._lseek_r
                0x08007948       0x24 c:/program files (x86)/atollic/truestudio for stm32 9.3.0/armtools/bin/../lib/gcc/arm-atollic-eabi/6.3.1/../../../../arm-atollic-eabi/lib/armv7e-m/fpu\libc_nano.a(lib_a-lseekr.o)
                0x08007948                _lseek_r
 .text.__swhatbuf_r
                0x0800796c       0x48 c:/program files (x86)/atollic/truestudio for stm32 9.3.0/armtools/bin/../lib/gcc/arm-atollic-eabi/6.3.1/../../../../arm-atollic-eabi/lib/armv7e-m/fpu\libc_nano.a(lib_a-makebuf.o)
                0x0800796c                __swhatbuf_r
 .text.__smakebuf_r
                0x080079b4       0x80 c:/program files (x86)/atollic/truestudio for stm32 9.3.0/armtools/bin/../lib/gcc/arm-atollic-eabi/6.3.1/../../../../arm-atollic-eabi/lib/armv7e-m/fpu\libc_nano.a(lib_a-makebuf.o)
                0x080079b4                __smakebuf_r
 .text.__malloc_lock
                0x08007a34        0x2 c:/program files (x86)/atollic/truestudio for stm32 9.3.0/armtools/bin/../lib/gcc/arm-atollic-eabi/6.3.1/../../../../arm-atollic-eabi/lib/armv7e-m/fpu\libc_nano.a(lib_a-mlock.o)
                0x08007a34                __malloc_lock
 .text.__malloc_unlock
                0x08007a36        0x2 c:/program files (x86)/atollic/truestudio for stm32 9.3.0/armtools/bin/../lib/gcc/arm-atollic-eabi/6.3.1/../../../../arm-atollic-eabi/lib/armv7e-m/fpu\libc_nano.a(lib_a-mlock.o)
                0x08007a36                __malloc_unlock
 .text._read_r  0x08007a38       0x24 c:/program files (x86)/atollic/truestudio for stm32 9.3.0/armtools/bin/../lib/gcc/arm-atollic-eabi/6.3.1/../../../../arm-atollic-eabi/lib/armv7e-m/fpu\libc_nano.a(lib_a-readr.o)
                0x08007a38                _read_r
 .text._fstat_r
                0x08007a5c       0x24 c:/program files (x86)/atollic/truestudio for stm32 9.3.0/armtools/bin/../lib/gcc/arm-atollic-eabi/6.3.1/../../../../arm-atollic-eabi/lib/armv7e-m/fpu\libc_nano.a(lib_a-fstatr.o)
                0x08007a5c                _fstat_r
 .text._isatty_r
                0x08007a80       0x20 c:/program files (x86)/atollic/truestudio for stm32 9.3.0/armtools/bin/../lib/gcc/arm-atollic-eabi/6.3.1/../../../../arm-atollic-eabi/lib/armv7e-m/fpu\libc_nano.a(lib_a-isattyr.o)
                0x08007a80                _isatty_r
 *(.glue_7)
 .glue_7        0x08007aa0        0x0 linker stubs
 *(.glue_7t)
 .glue_7t       0x08007aa0        0x0 linker stubs
 *(.eh_frame)
 .eh_frame      0x08007aa0        0x0 c:/program files (x86)/atollic/truestudio for stm32 9.3.0/armtools/bin/../lib/gcc/arm-atollic-eabi/6.3.1/armv7e-m/fpu/crtbegin.o
 *(.init)
 .init          0x08007aa0        0x4 c:/program files (x86)/atollic/truestudio for stm32 9.3.0/armtools/bin/../lib/gcc/arm-atollic-eabi/6.3.1/armv7e-m/fpu/crti.o
                0x08007aa0                _init
 .init          0x08007aa4        0x8 c:/program files (x86)/atollic/truestudio for stm32 9.3.0/armtools/bin/../lib/gcc/arm-atollic-eabi/6.3.1/armv7e-m/fpu/crtn.o
 *(.fini)
 .fini          0x08007aac        0x4 c:/program files (x86)/atollic/truestudio for stm32 9.3.0/armtools/bin/../lib/gcc/arm-atollic-eabi/6.3.1/armv7e-m/fpu/crti.o
                0x08007aac                _fini
 .fini          0x08007ab0        0x8 c:/program files (x86)/atollic/truestudio for stm32 9.3.0/armtools/bin/../lib/gcc/arm-atollic-eabi/6.3.1/armv7e-m/fpu/crtn.o
                0x08007ab8                . = ALIGN (0x4)
                0x08007ab8                _etext = .

.vfp11_veneer   0x08007ab8        0x0
 .vfp11_veneer  0x08007ab8        0x0 linker stubs

.v4_bx          0x08007ab8        0x0
 .v4_bx         0x08007ab8        0x0 linker stubs

.iplt           0x08007ab8        0x0
 .iplt          0x08007ab8        0x0 c:/program files (x86)/atollic/truestudio for stm32 9.3.0/armtools/bin/../lib/gcc/arm-atollic-eabi/6.3.1/armv7e-m/fpu/crtbegin.o

.rodata         0x08007ab8     0x14f4
                0x08007ab8                . = ALIGN (0x4)
 *(.rodata)
 *(.rodata*)
 .rodata.etharp_find_entry.isra.0.str1.1
                0x08007ab8       0x40 Middlewares\Third_Party\LwIP\src\core\ipv4\etharp.o
 .rodata.etharp_get_entry.str1.1
                0x08007af8       0x1f Middlewares\Third_Party\LwIP\src\core\ipv4\etharp.o
 .rodata.etharp_input.str1.1
                0x08007b17       0x24 Middlewares\Third_Party\LwIP\src\core\ipv4\etharp.o
 .rodata.etharp_output.str1.1
                0x08007b3b       0x24 Middlewares\Third_Party\LwIP\src\core\ipv4\etharp.o
                                  0xa (size before relaxing)
 .rodata.etharp_output_to_arp_index.str1.1
                0x08007b3b       0x30 Middlewares\Third_Party\LwIP\src\core\ipv4\etharp.o
 .rodata.etharp_query.str1.1
                0x08007b6b       0x42 Middlewares\Third_Party\LwIP\src\core\ipv4\etharp.o
 .rodata.etharp_raw.str1.1
                0x08007bad       0xdf Middlewares\Third_Party\LwIP\src\core\ipv4\etharp.o
 .rodata.icmp_input.str1.1
                0x08007c8c       0x67 Middlewares\Third_Party\LwIP\src\core\ipv4\icmp.o
 .rodata.icmp_send_response.isra.0.str1.1
                0x08007cf3       0x61 Middlewares\Third_Party\LwIP\src\core\ipv4\icmp.o
                                 0x89 (size before relaxing)
 .rodata.ip4_output_if_src.str1.1
                0x08007d54       0x6d Middlewares\Third_Party\LwIP\src\core\ipv4\ip4.o
                                 0x95 (size before relaxing)
 *fill*         0x08007dc1        0x3 
 .rodata.ip_addr_any
                0x08007dc4        0x4 Middlewares\Third_Party\LwIP\src\core\ipv4\ip4_addr.o
                0x08007dc4                ip_addr_any
 .rodata.ip4_frag.str1.1
                0x08007dc8       0x61 Middlewares\Third_Party\LwIP\src\core\ipv4\ip4_frag.o
 .rodata.ip4_reass.str1.1
                0x08007e29       0x84 Middlewares\Third_Party\LwIP\src\core\ipv4\ip4_frag.o
 .rodata.ip_frag_free_pbuf_custom_ref.str1.1
                0x08007ead       0x84 Middlewares\Third_Party\LwIP\src\core\ipv4\ip4_frag.o
                                  0xa (size before relaxing)
 .rodata.ip_reass_dequeue_datagram.str1.1
                0x08007ead       0x52 Middlewares\Third_Party\LwIP\src\core\ipv4\ip4_frag.o
                                 0x7a (size before relaxing)
 .rodata.ip_reass_free_complete_datagram.str1.1
                0x08007eff       0x56 Middlewares\Third_Party\LwIP\src\core\ipv4\ip4_frag.o
 .rodata.ipfrag_free_pbuf_custom.str1.1
                0x08007f55        0xc Middlewares\Third_Party\LwIP\src\core\ipv4\ip4_frag.o
 .rodata.mem_free.str1.1
                0x08007f61       0xf1 Middlewares\Third_Party\LwIP\src\core\mem.o
                                0x119 (size before relaxing)
 .rodata.mem_malloc.str1.1
                0x08008052       0x9b Middlewares\Third_Party\LwIP\src\core\mem.o
 .rodata.mem_trim.str1.1
                0x080080ed       0x37 Middlewares\Third_Party\LwIP\src\core\mem.o
 .rodata.do_memp_free_pool.isra.1.str1.1
                0x08008124       0x20 Middlewares\Third_Party\LwIP\src\core\memp.o
 .rodata.do_memp_malloc_pool.isra.0.str1.1
                0x08008144       0x53 Middlewares\Third_Party\LwIP\src\core\memp.o
                                 0x7b (size before relaxing)
 *fill*         0x08008197        0x1 
 .rodata.memp_FRAG_PBUF
                0x08008198        0xc Middlewares\Third_Party\LwIP\src\core\memp.o
                0x08008198                memp_FRAG_PBUF
 .rodata.memp_PBUF
                0x080081a4        0xc Middlewares\Third_Party\LwIP\src\core\memp.o
                0x080081a4                memp_PBUF
 .rodata.memp_PBUF_POOL
                0x080081b0        0xc Middlewares\Third_Party\LwIP\src\core\memp.o
                0x080081b0                memp_PBUF_POOL
 .rodata.memp_REASSDATA
                0x080081bc        0xc Middlewares\Third_Party\LwIP\src\core\memp.o
                0x080081bc                memp_REASSDATA
 .rodata.memp_SYS_TIMEOUT
                0x080081c8        0xc Middlewares\Third_Party\LwIP\src\core\memp.o
                0x080081c8                memp_SYS_TIMEOUT
 .rodata.memp_TCP_PCB
                0x080081d4        0xc Middlewares\Third_Party\LwIP\src\core\memp.o
                0x080081d4                memp_TCP_PCB
 .rodata.memp_TCP_PCB_LISTEN
                0x080081e0        0xc Middlewares\Third_Party\LwIP\src\core\memp.o
                0x080081e0                memp_TCP_PCB_LISTEN
 .rodata.memp_TCP_SEG
                0x080081ec        0xc Middlewares\Third_Party\LwIP\src\core\memp.o
                0x080081ec                memp_TCP_SEG
 .rodata.memp_UDP_PCB
                0x080081f8        0xc Middlewares\Third_Party\LwIP\src\core\memp.o
                0x080081f8                memp_UDP_PCB
 .rodata.memp_free.str1.1
                0x08008204       0x1b Middlewares\Third_Party\LwIP\src\core\memp.o
 .rodata.memp_malloc.str1.1
                0x0800821f       0x1d Middlewares\Third_Party\LwIP\src\core\memp.o
 .rodata.memp_pools
                0x0800823c       0x24 Middlewares\Third_Party\LwIP\src\core\memp.o
                0x0800823c                memp_pools
 .rodata.netif_add.str1.1
                0x08008260       0x48 Middlewares\Third_Party\LwIP\src\core\netif.o
                                 0x70 (size before relaxing)
 .rodata.pbuf_alloc.str1.1
                0x080082a8       0xa8 Middlewares\Third_Party\LwIP\src\core\pbuf.o
 .rodata.pbuf_alloced_custom.str1.1
                0x08008350       0x24 Middlewares\Third_Party\LwIP\src\core\pbuf.o
 .rodata.pbuf_cat.str1.1
                0x08008374       0x72 Middlewares\Third_Party\LwIP\src\core\pbuf.o
 .rodata.pbuf_copy.str1.1
                0x080083e6       0x99 Middlewares\Third_Party\LwIP\src\core\pbuf.o
 .rodata.pbuf_copy_partial.str1.1
                0x0800847f       0x42 Middlewares\Third_Party\LwIP\src\core\pbuf.o
 .rodata.pbuf_free.str1.1
                0x080084c1       0x4c Middlewares\Third_Party\LwIP\src\core\pbuf.o
 .rodata.pbuf_header_impl.str1.1
                0x0800850d       0x5c Middlewares\Third_Party\LwIP\src\core\pbuf.o
                                 0x8e (size before relaxing)
 .rodata.pbuf_realloc.str1.1
                0x08008569       0x78 Middlewares\Third_Party\LwIP\src\core\pbuf.o
 .rodata.pbuf_ref.str1.1
                0x080085e1       0x12 Middlewares\Third_Party\LwIP\src\core\pbuf.o
 .rodata.tcp_abandon.str1.1
                0x080085f3       0x31 Middlewares\Third_Party\LwIP\src\core\tcp.o
 .rodata.tcp_backoff
                0x08008624        0xd Middlewares\Third_Party\LwIP\src\core\tcp.o
 .rodata.tcp_close_shutdown.str1.1
                0x08008631       0x19 Middlewares\Third_Party\LwIP\src\core\tcp.o
 .rodata.tcp_close_shutdown_fin.str1.1
                0x0800864a       0x3b Middlewares\Third_Party\LwIP\src\core\tcp.o
                                 0x63 (size before relaxing)
 .rodata.tcp_kill_state.str1.1
                0x08008685        0xe Middlewares\Third_Party\LwIP\src\core\tcp.o
 *fill*         0x08008693        0x1 
 .rodata.tcp_pcb_lists
                0x08008694       0x10 Middlewares\Third_Party\LwIP\src\core\tcp.o
                0x08008694                tcp_pcb_lists
 .rodata.tcp_pcb_remove.str1.1
                0x080086a4       0x48 Middlewares\Third_Party\LwIP\src\core\tcp.o
 .rodata.tcp_persist_backoff
                0x080086ec        0x7 Middlewares\Third_Party\LwIP\src\core\tcp.o
 .rodata.tcp_recved.str1.1
                0x080086f3       0x47 Middlewares\Third_Party\LwIP\src\core\tcp.o
 .rodata.tcp_slowtmr.str1.1
                0x0800873a      0x152 Middlewares\Third_Party\LwIP\src\core\tcp.o
 .rodata.tcp_update_rcv_ann_wnd.str1.1
                0x0800888c       0x1a Middlewares\Third_Party\LwIP\src\core\tcp.o
 .rodata.tcp_input.str1.1
                0x080088a6      0x1b6 Middlewares\Third_Party\LwIP\src\core\tcp_in.o
 .rodata.tcp_receive.str1.1
                0x08008a5c      0x18b Middlewares\Third_Party\LwIP\src\core\tcp_in.o
                                0x1b3 (size before relaxing)
 .rodata.tcp_create_segment.str1.1
                0x08008be7       0x15 Middlewares\Third_Party\LwIP\src\core\tcp_out.o
 .rodata.tcp_enqueue_flags.str1.1
                0x08008bfc       0xf8 Middlewares\Third_Party\LwIP\src\core\tcp_out.o
 .rodata.tcp_output.str1.1
                0x08008cf4       0x3d Middlewares\Third_Party\LwIP\src\core\tcp_out.o
 .rodata.tcp_output_alloc_header.constprop.0.str1.1
                0x08008d31       0x2e Middlewares\Third_Party\LwIP\src\core\tcp_out.o
 .rodata.tcp_pbuf_prealloc.str1.1
                0x08008d5f       0x47 Middlewares\Third_Party\LwIP\src\core\tcp_out.o
                                 0x6f (size before relaxing)
 *fill*         0x08008da6        0x2 
 .rodata.lwip_cyclic_timers
                0x08008da8       0x18 Middlewares\Third_Party\LwIP\src\core\timeouts.o
                0x08008da8                lwip_cyclic_timers
 .rodata.sys_timeout.str1.1
                0x08008dc0       0x71 Middlewares\Third_Party\LwIP\src\core\timeouts.o
                                 0x99 (size before relaxing)
 .rodata.udp_input.str1.1
                0x08008e31       0x43 Middlewares\Third_Party\LwIP\src\core\udp.o
                                 0x6b (size before relaxing)
 .rodata.ethbroadcast
                0x08008e74        0x6 Middlewares\Third_Party\LwIP\src\netif\ethernet.o
                0x08008e74                ethbroadcast
 .rodata.ethernet_output.str1.1
                0x08008e7a       0x66 Middlewares\Third_Party\LwIP\src\netif\ethernet.o
                                 0x8e (size before relaxing)
 .rodata.ethzero
                0x08008ee0        0x6 Middlewares\Third_Party\LwIP\src\netif\ethernet.o
                0x08008ee0                ethzero
 .rodata.ethernetif_init.str1.1
                0x08008ee6       0x14 Src\ethernetif.o
                                 0x4a (size before relaxing)
 .rodata.AHBPrescTable
                0x08008efa       0x10 Src\system_stm32f4xx.o
                0x08008efa                AHBPrescTable
 .rodata.APBPrescTable
                0x08008f0a        0x8 Src\system_stm32f4xx.o
                0x08008f0a                APBPrescTable
 *fill*         0x08008f12        0x2 
 .rodata.__sf_fake_stderr
                0x08008f14       0x20 c:/program files (x86)/atollic/truestudio for stm32 9.3.0/armtools/bin/../lib/gcc/arm-atollic-eabi/6.3.1/../../../../arm-atollic-eabi/lib/armv7e-m/fpu\libc_nano.a(lib_a-findfp.o)
                0x08008f14                __sf_fake_stderr
 .rodata.__sf_fake_stdin
                0x08008f34       0x20 c:/program files (x86)/atollic/truestudio for stm32 9.3.0/armtools/bin/../lib/gcc/arm-atollic-eabi/6.3.1/../../../../arm-atollic-eabi/lib/armv7e-m/fpu\libc_nano.a(lib_a-findfp.o)
                0x08008f34                __sf_fake_stdin
 .rodata.__sf_fake_stdout
                0x08008f54       0x20 c:/program files (x86)/atollic/truestudio for stm32 9.3.0/armtools/bin/../lib/gcc/arm-atollic-eabi/6.3.1/../../../../arm-atollic-eabi/lib/armv7e-m/fpu\libc_nano.a(lib_a-findfp.o)
                0x08008f54                __sf_fake_stdout
 .rodata._global_impure_ptr
                0x08008f74        0x4 c:/program files (x86)/atollic/truestudio for stm32 9.3.0/armtools/bin/../lib/gcc/arm-atollic-eabi/6.3.1/../../../../arm-atollic-eabi/lib/armv7e-m/fpu\libc_nano.a(lib_a-impure.o)
                0x08008f74                _global_impure_ptr
 .rodata._vfprintf_r.str1.1
                0x08008f78       0x11 c:/program files (x86)/atollic/truestudio for stm32 9.3.0/armtools/bin/../lib/gcc/arm-atollic-eabi/6.3.1/../../../../arm-atollic-eabi/lib/armv7e-m/fpu\libc_nano.a(lib_a-nano-vfprintf.o)
 .rodata._printf_i.str1.1
                0x08008f89       0x22 c:/program files (x86)/atollic/truestudio for stm32 9.3.0/armtools/bin/../lib/gcc/arm-atollic-eabi/6.3.1/../../../../arm-atollic-eabi/lib/armv7e-m/fpu\libc_nano.a(lib_a-nano-vfprintf_i.o)
                0x08008fac                . = ALIGN (0x4)
 *fill*         0x08008fab        0x1 

.ARM.extab
 *(.ARM.extab* .gnu.linkonce.armextab.*)

.ARM            0x08008fac        0x8
                0x08008fac                __exidx_start = .
 *(.ARM.exidx*)
 .ARM.exidx     0x08008fac        0x8 c:/program files (x86)/atollic/truestudio for stm32 9.3.0/armtools/bin/../lib/gcc/arm-atollic-eabi/6.3.1/armv7e-m/fpu\libgcc.a(_udivmoddi4.o)
                0x08008fb4                __exidx_end = .

.rel.dyn        0x08008fb4        0x0
 .rel.iplt      0x08008fb4        0x0 c:/program files (x86)/atollic/truestudio for stm32 9.3.0/armtools/bin/../lib/gcc/arm-atollic-eabi/6.3.1/armv7e-m/fpu/crtbegin.o

.preinit_array  0x08008fb4        0x0
                0x08008fb4                PROVIDE (__preinit_array_start, .)
 *(.preinit_array*)
                0x08008fb4                PROVIDE (__preinit_array_end, .)

.init_array     0x08008fb4        0x4
                0x08008fb4                PROVIDE (__init_array_start, .)
 *(SORT(.init_array.*))
 *(.init_array*)
 .init_array    0x08008fb4        0x4 c:/program files (x86)/atollic/truestudio for stm32 9.3.0/armtools/bin/../lib/gcc/arm-atollic-eabi/6.3.1/armv7e-m/fpu/crtbegin.o
                0x08008fb8                PROVIDE (__init_array_end, .)

.fini_array     0x08008fb8        0x4
                [!provide]                PROVIDE (__fini_array_start, .)
 *(SORT(.fini_array.*))
 *(.fini_array*)
 .fini_array    0x08008fb8        0x4 c:/program files (x86)/atollic/truestudio for stm32 9.3.0/armtools/bin/../lib/gcc/arm-atollic-eabi/6.3.1/armv7e-m/fpu/crtbegin.o
                [!provide]                PROVIDE (__fini_array_end, .)
                0x08008fbc                _sidata = LOADADDR (.data)

.data           0x20000000       0x74 load address 0x08008fbc
                0x20000000                . = ALIGN (0x4)
                0x20000000                _sdata = .
 *(.data)
 *(.data*)
 .data.uwTickFreq
                0x20000000        0x1 Drivers\STM32F4xx_HAL_Driver\Src\stm32f4xx_hal.o
                0x20000000                uwTickFreq
 *fill*         0x20000001        0x3 
 .data.uwTickPrio
                0x20000004        0x4 Drivers\STM32F4xx_HAL_Driver\Src\stm32f4xx_hal.o
                0x20000004                uwTickPrio
 .data.iss.10254
                0x20000008        0x4 Middlewares\Third_Party\LwIP\src\core\tcp.o
 .data.SystemCoreClock
                0x2000000c        0x4 Src\system_stm32f4xx.o
                0x2000000c                SystemCoreClock
 .data._impure_ptr
                0x20000010        0x4 c:/program files (x86)/atollic/truestudio for stm32 9.3.0/armtools/bin/../lib/gcc/arm-atollic-eabi/6.3.1/../../../../arm-atollic-eabi/lib/armv7e-m/fpu\libc_nano.a(lib_a-impure.o)
                0x20000010                _impure_ptr
 .data.impure_data
                0x20000014       0x60 c:/program files (x86)/atollic/truestudio for stm32 9.3.0/armtools/bin/../lib/gcc/arm-atollic-eabi/6.3.1/../../../../arm-atollic-eabi/lib/armv7e-m/fpu\libc_nano.a(lib_a-impure.o)
                0x20000074                . = ALIGN (0x4)
                0x20000074                _edata = .
                0x08009030                _siccmram = LOADADDR (.ccmram)

.igot.plt       0x20000074        0x0 load address 0x08009030
 .igot.plt      0x20000074        0x0 c:/program files (x86)/atollic/truestudio for stm32 9.3.0/armtools/bin/../lib/gcc/arm-atollic-eabi/6.3.1/armv7e-m/fpu/crtbegin.o

.ccmram         0x10000000        0x0 load address 0x08009030
                0x10000000                . = ALIGN (0x4)
                0x10000000                _sccmram = .
 *(.ccmram)
 *(.ccmram*)
                0x10000000                . = ALIGN (0x4)
                0x10000000                _eccmram = .
                0x10000000                . = ALIGN (0x4)

.bss            0x20000074     0x685c
                0x20000074                _sbss = .
                0x20000074                __bss_start__ = _sbss
 *(.bss)
 .bss           0x20000074       0x1c c:/program files (x86)/atollic/truestudio for stm32 9.3.0/armtools/bin/../lib/gcc/arm-atollic-eabi/6.3.1/armv7e-m/fpu/crtbegin.o
 *(.bss*)
 .bss.arp_table
                0x20000090       0xf0 Middlewares\Third_Party\LwIP\src\core\ipv4\etharp.o
 .bss.etharp_cached_entry
                0x20000180        0x1 Middlewares\Third_Party\LwIP\src\core\ipv4\etharp.o
 *fill*         0x20000181        0x1 
 .bss.ip_id     0x20000182        0x2 Middlewares\Third_Party\LwIP\src\core\ipv4\ip4.o
 .bss.ip_reass_pbufcount
                0x20000184        0x2 Middlewares\Third_Party\LwIP\src\core\ipv4\ip4_frag.o
 *fill*         0x20000186        0x2 
 .bss.reassdatagrams
                0x20000188        0x4 Middlewares\Third_Party\LwIP\src\core\ipv4\ip4_frag.o
 .bss.lfree     0x2000018c        0x4 Middlewares\Third_Party\LwIP\src\core\mem.o
 .bss.ram       0x20000190        0x4 Middlewares\Third_Party\LwIP\src\core\mem.o
 .bss.ram_end   0x20000194        0x4 Middlewares\Third_Party\LwIP\src\core\mem.o
 .bss.memp_tab_FRAG_PBUF
                0x20000198        0x4 Middlewares\Third_Party\LwIP\src\core\memp.o
 .bss.memp_tab_PBUF
                0x2000019c        0x4 Middlewares\Third_Party\LwIP\src\core\memp.o
 .bss.memp_tab_PBUF_POOL
                0x200001a0        0x4 Middlewares\Third_Party\LwIP\src\core\memp.o
 .bss.memp_tab_REASSDATA
                0x200001a4        0x4 Middlewares\Third_Party\LwIP\src\core\memp.o
 .bss.memp_tab_SYS_TIMEOUT
                0x200001a8        0x4 Middlewares\Third_Party\LwIP\src\core\memp.o
 .bss.memp_tab_TCP_PCB
                0x200001ac        0x4 Middlewares\Third_Party\LwIP\src\core\memp.o
 .bss.memp_tab_TCP_PCB_LISTEN
                0x200001b0        0x4 Middlewares\Third_Party\LwIP\src\core\memp.o
 .bss.memp_tab_TCP_SEG
                0x200001b4        0x4 Middlewares\Third_Party\LwIP\src\core\memp.o
 .bss.memp_tab_UDP_PCB
                0x200001b8        0x4 Middlewares\Third_Party\LwIP\src\core\memp.o
 .bss.netif_num
                0x200001bc        0x1 Middlewares\Third_Party\LwIP\src\core\netif.o
 .bss.tcp_timer
                0x200001bd        0x1 Middlewares\Third_Party\LwIP\src\core\tcp.o
 .bss.tcp_timer_ctr
                0x200001be        0x1 Middlewares\Third_Party\LwIP\src\core\tcp.o
 *fill*         0x200001bf        0x1 
 .bss.ackno     0x200001c0        0x4 Middlewares\Third_Party\LwIP\src\core\tcp_in.o
 .bss.flags     0x200001c4        0x1 Middlewares\Third_Party\LwIP\src\core\tcp_in.o
 *fill*         0x200001c5        0x3 
 .bss.inseg     0x200001c8       0x10 Middlewares\Third_Party\LwIP\src\core\tcp_in.o
 .bss.recv_acked
                0x200001d8        0x2 Middlewares\Third_Party\LwIP\src\core\tcp_in.o
 *fill*         0x200001da        0x2 
 .bss.recv_data
                0x200001dc        0x4 Middlewares\Third_Party\LwIP\src\core\tcp_in.o
 .bss.recv_flags
                0x200001e0        0x1 Middlewares\Third_Party\LwIP\src\core\tcp_in.o
 *fill*         0x200001e1        0x3 
 .bss.seqno     0x200001e4        0x4 Middlewares\Third_Party\LwIP\src\core\tcp_in.o
 .bss.tcp_optidx
                0x200001e8        0x2 Middlewares\Third_Party\LwIP\src\core\tcp_in.o
 *fill*         0x200001ea        0x2 
 .bss.tcphdr    0x200001ec        0x4 Middlewares\Third_Party\LwIP\src\core\tcp_in.o
 .bss.tcphdr_opt1len
                0x200001f0        0x2 Middlewares\Third_Party\LwIP\src\core\tcp_in.o
 *fill*         0x200001f2        0x2 
 .bss.tcphdr_opt2
                0x200001f4        0x4 Middlewares\Third_Party\LwIP\src\core\tcp_in.o
 .bss.tcphdr_optlen
                0x200001f8        0x2 Middlewares\Third_Party\LwIP\src\core\tcp_in.o
 .bss.tcplen    0x200001fa        0x2 Middlewares\Third_Party\LwIP\src\core\tcp_in.o
 .bss.next_timeout
                0x200001fc        0x4 Middlewares\Third_Party\LwIP\src\core\timeouts.o
 .bss.tcpip_tcp_timer_active
                0x20000200        0x4 Middlewares\Third_Party\LwIP\src\core\timeouts.o
 .bss.timeouts_last_time
                0x20000204        0x4 Middlewares\Third_Party\LwIP\src\core\timeouts.o
 .bss.heap_end.9286
                0x20000208        0x4 Src\syscalls.o
 .bss.__malloc_free_list
                0x2000020c        0x4 c:/program files (x86)/atollic/truestudio for stm32 9.3.0/armtools/bin/../lib/gcc/arm-atollic-eabi/6.3.1/../../../../arm-atollic-eabi/lib/armv7e-m/fpu\libc_nano.a(lib_a-nano-mallocr.o)
                0x2000020c                __malloc_free_list
 .bss.__malloc_sbrk_start
                0x20000210        0x4 c:/program files (x86)/atollic/truestudio for stm32 9.3.0/armtools/bin/../lib/gcc/arm-atollic-eabi/6.3.1/../../../../arm-atollic-eabi/lib/armv7e-m/fpu\libc_nano.a(lib_a-nano-mallocr.o)
                0x20000210                __malloc_sbrk_start
 *(COMMON)
 COMMON         0x20000214        0x4 Drivers\STM32F4xx_HAL_Driver\Src\stm32f4xx_hal.o
                0x20000214                uwTick
 COMMON         0x20000218       0x18 Middlewares\Third_Party\LwIP\src\core\ip.o
                0x20000218                ip_data
 COMMON         0x20000230      0x653 Middlewares\Third_Party\LwIP\src\core\mem.o
                0x20000230                ram_heap
 COMMON         0x20000883     0x2eab Middlewares\Third_Party\LwIP\src\core\memp.o
                0x20000883                memp_memory_TCP_SEG_base
                0x20000986                memp_memory_PBUF_POOL_base
                0x20002f89                memp_memory_FRAG_PBUF_base
                0x200030f4                memp_memory_PBUF_base
                0x200031f7                memp_memory_TCP_PCB_LISTEN_base
                0x200032da                memp_memory_REASSDATA_base
                0x2000337d                memp_memory_UDP_PCB_base
                0x20003400                memp_memory_TCP_PCB_base
                0x200036fb                memp_memory_SYS_TIMEOUT_base
 *fill*         0x2000372e        0x2 
 COMMON         0x20003730        0x8 Middlewares\Third_Party\LwIP\src\core\netif.o
                0x20003730                netif_list
                0x20003734                netif_default
 COMMON         0x20003738        0x1 Middlewares\Third_Party\LwIP\src\core\pbuf.o
                0x20003738                pbuf_free_ooseq_pending
 *fill*         0x20003739        0x3 
 COMMON         0x2000373c       0x18 Middlewares\Third_Party\LwIP\src\core\tcp.o
                0x2000373c                tcp_active_pcbs_changed
                0x20003740                tcp_active_pcbs
                0x20003744                tcp_ticks
                0x20003748                tcp_listen_pcbs
                0x2000374c                tcp_bound_pcbs
                0x20003750                tcp_tw_pcbs
 COMMON         0x20003754        0x4 Middlewares\Third_Party\LwIP\src\core\tcp_in.o
                0x20003754                tcp_input_pcb
 COMMON         0x20003758        0x4 Middlewares\Third_Party\LwIP\src\core\udp.o
                0x20003758                udp_pcbs
 COMMON         0x2000375c     0x30e8 Src\ethernetif.o
                0x2000375c                DMATxDscrTab
                0x200037dc                Rx_Buff
                0x20004fac                DMARxDscrTab
                0x2000502c                heth
                0x20005074                Tx_Buff
 COMMON         0x20006844       0x48 Src\lwip.o
                0x20006844                GATEWAY_ADDRESS
                0x20006848                gnetif
                0x20006878                ipaddr
                0x2000687c                NETMASK_ADDRESS
                0x20006880                IP_ADDRESS
                0x20006884                netmask
                0x20006888                gw
 COMMON         0x2000688c       0x40 Src\main.o
                0x2000688c                huart3
 COMMON         0x200068cc        0x4 c:/program files (x86)/atollic/truestudio for stm32 9.3.0/armtools/bin/../lib/gcc/arm-atollic-eabi/6.3.1/../../../../arm-atollic-eabi/lib/armv7e-m/fpu\libc_nano.a(lib_a-reent.o)
                0x200068cc                errno
                0x200068d0                . = ALIGN (0x4)
                0x200068d0                _ebss = .
                0x200068d0                __bss_end__ = _ebss

._user_heap_stack
                0x200068d0      0x600
                0x200068d0                . = ALIGN (0x4)
                0x200068d0                PROVIDE (end, .)
                [!provide]                PROVIDE (_end, .)
                0x20006ad0                . = (. + _Min_Heap_Size)
 *fill*         0x200068d0      0x200 
                0x20006ed0                . = (. + _Min_Stack_Size)
 *fill*         0x20006ad0      0x400 
                0x20006ed0                . = ALIGN (0x4)

/DISCARD/
 libc.a(*)
 libm.a(*)
 libgcc.a(*)

.ARM.attributes
                0x00000000       0x30
 *(.ARM.attributes)
 .ARM.attributes
                0x00000000       0x22 c:/program files (x86)/atollic/truestudio for stm32 9.3.0/armtools/bin/../lib/gcc/arm-atollic-eabi/6.3.1/armv7e-m/fpu/crti.o
 .ARM.attributes
                0x00000022       0x34 c:/program files (x86)/atollic/truestudio for stm32 9.3.0/armtools/bin/../lib/gcc/arm-atollic-eabi/6.3.1/armv7e-m/fpu/crtbegin.o
 .ARM.attributes
                0x00000056       0x39 Drivers\STM32F4xx_HAL_Driver\Src\stm32f4xx_hal.o
 .ARM.attributes
                0x0000008f       0x39 Drivers\STM32F4xx_HAL_Driver\Src\stm32f4xx_hal_cortex.o
 .ARM.attributes
                0x000000c8       0x39 Drivers\STM32F4xx_HAL_Driver\Src\stm32f4xx_hal_eth.o
 .ARM.attributes
                0x00000101       0x39 Drivers\STM32F4xx_HAL_Driver\Src\stm32f4xx_hal_gpio.o
 .ARM.attributes
                0x0000013a       0x39 Drivers\STM32F4xx_HAL_Driver\Src\stm32f4xx_hal_rcc.o
 .ARM.attributes
                0x00000173       0x39 Drivers\STM32F4xx_HAL_Driver\Src\stm32f4xx_hal_uart.o
 .ARM.attributes
                0x000001ac       0x39 Middlewares\Third_Party\LwIP\src\core\def.o
 .ARM.attributes
                0x000001e5       0x39 Middlewares\Third_Party\LwIP\src\core\init.o
 .ARM.attributes
                0x0000021e       0x39 Middlewares\Third_Party\LwIP\src\core\ip.o
 .ARM.attributes
                0x00000257       0x39 Middlewares\Third_Party\LwIP\src\core\ipv4\etharp.o
 .ARM.attributes
                0x00000290       0x39 Middlewares\Third_Party\LwIP\src\core\ipv4\icmp.o
 .ARM.attributes
                0x000002c9       0x39 Middlewares\Third_Party\LwIP\src\core\ipv4\ip4.o
 .ARM.attributes
                0x00000302       0x39 Middlewares\Third_Party\LwIP\src\core\ipv4\ip4_addr.o
 .ARM.attributes
                0x0000033b       0x39 Middlewares\Third_Party\LwIP\src\core\ipv4\ip4_frag.o
 .ARM.attributes
                0x00000374       0x39 Middlewares\Third_Party\LwIP\src\core\mem.o
 .ARM.attributes
                0x000003ad       0x39 Middlewares\Third_Party\LwIP\src\core\memp.o
 .ARM.attributes
                0x000003e6       0x39 Middlewares\Third_Party\LwIP\src\core\netif.o
 .ARM.attributes
                0x0000041f       0x39 Middlewares\Third_Party\LwIP\src\core\pbuf.o
 .ARM.attributes
                0x00000458       0x39 Middlewares\Third_Party\LwIP\src\core\tcp.o
 .ARM.attributes
                0x00000491       0x39 Middlewares\Third_Party\LwIP\src\core\tcp_in.o
 .ARM.attributes
                0x000004ca       0x39 Middlewares\Third_Party\LwIP\src\core\tcp_out.o
 .ARM.attributes
                0x00000503       0x39 Middlewares\Third_Party\LwIP\src\core\timeouts.o
 .ARM.attributes
                0x0000053c       0x39 Middlewares\Third_Party\LwIP\src\core\udp.o
 .ARM.attributes
                0x00000575       0x39 Middlewares\Third_Party\LwIP\src\netif\ethernet.o
 .ARM.attributes
                0x000005ae       0x39 Src\ethernetif.o
 .ARM.attributes
                0x000005e7       0x39 Src\lwip.o
 .ARM.attributes
                0x00000620       0x39 Src\main.o
 .ARM.attributes
                0x00000659       0x39 Src\stm32f4xx_hal_msp.o
 .ARM.attributes
                0x00000692       0x39 Src\stm32f4xx_it.o
 .ARM.attributes
                0x000006cb       0x39 Src\syscalls.o
 .ARM.attributes
                0x00000704       0x39 Src\system_stm32f4xx.o
 .ARM.attributes
                0x0000073d       0x21 startup\startup_stm32f407xx.o
 .ARM.attributes
                0x0000075e       0x34 c:/program files (x86)/atollic/truestudio for stm32 9.3.0/armtools/bin/../lib/gcc/arm-atollic-eabi/6.3.1/../../../../arm-atollic-eabi/lib/armv7e-m/fpu\libc_nano.a(lib_a-init.o)
 .ARM.attributes
                0x00000792       0x34 c:/program files (x86)/atollic/truestudio for stm32 9.3.0/armtools/bin/../lib/gcc/arm-atollic-eabi/6.3.1/../../../../arm-atollic-eabi/lib/armv7e-m/fpu\libc_nano.a(lib_a-memcmp.o)
 .ARM.attributes
                0x000007c6       0x34 c:/program files (x86)/atollic/truestudio for stm32 9.3.0/armtools/bin/../lib/gcc/arm-atollic-eabi/6.3.1/../../../../arm-atollic-eabi/lib/armv7e-m/fpu\libc_nano.a(lib_a-memcpy-stub.o)
 .ARM.attributes
                0x000007fa       0x34 c:/program files (x86)/atollic/truestudio for stm32 9.3.0/armtools/bin/../lib/gcc/arm-atollic-eabi/6.3.1/../../../../arm-atollic-eabi/lib/armv7e-m/fpu\libc_nano.a(lib_a-memset.o)
 .ARM.attributes
                0x0000082e       0x34 c:/program files (x86)/atollic/truestudio for stm32 9.3.0/armtools/bin/../lib/gcc/arm-atollic-eabi/6.3.1/../../../../arm-atollic-eabi/lib/armv7e-m/fpu\libc_nano.a(lib_a-printf.o)
 .ARM.attributes
                0x00000862       0x34 c:/program files (x86)/atollic/truestudio for stm32 9.3.0/armtools/bin/../lib/gcc/arm-atollic-eabi/6.3.1/../../../../arm-atollic-eabi/lib/armv7e-m/fpu\libc_nano.a(lib_a-reent.o)
 .ARM.attributes
                0x00000896       0x34 c:/program files (x86)/atollic/truestudio for stm32 9.3.0/armtools/bin/../lib/gcc/arm-atollic-eabi/6.3.1/../../../../arm-atollic-eabi/lib/armv7e-m/fpu\libc_nano.a(lib_a-findfp.o)
 .ARM.attributes
                0x000008ca       0x34 c:/program files (x86)/atollic/truestudio for stm32 9.3.0/armtools/bin/../lib/gcc/arm-atollic-eabi/6.3.1/../../../../arm-atollic-eabi/lib/armv7e-m/fpu\libc_nano.a(lib_a-fwalk.o)
 .ARM.attributes
                0x000008fe       0x34 c:/program files (x86)/atollic/truestudio for stm32 9.3.0/armtools/bin/../lib/gcc/arm-atollic-eabi/6.3.1/../../../../arm-atollic-eabi/lib/armv7e-m/fpu\libc_nano.a(lib_a-impure.o)
 .ARM.attributes
                0x00000932       0x34 c:/program files (x86)/atollic/truestudio for stm32 9.3.0/armtools/bin/../lib/gcc/arm-atollic-eabi/6.3.1/../../../../arm-atollic-eabi/lib/armv7e-m/fpu\libc_nano.a(lib_a-nano-freer.o)
 .ARM.attributes
                0x00000966       0x34 c:/program files (x86)/atollic/truestudio for stm32 9.3.0/armtools/bin/../lib/gcc/arm-atollic-eabi/6.3.1/../../../../arm-atollic-eabi/lib/armv7e-m/fpu\libc_nano.a(lib_a-nano-mallocr.o)
 .ARM.attributes
                0x0000099a       0x34 c:/program files (x86)/atollic/truestudio for stm32 9.3.0/armtools/bin/../lib/gcc/arm-atollic-eabi/6.3.1/../../../../arm-atollic-eabi/lib/armv7e-m/fpu\libc_nano.a(lib_a-nano-vfprintf.o)
 .ARM.attributes
                0x000009ce       0x34 c:/program files (x86)/atollic/truestudio for stm32 9.3.0/armtools/bin/../lib/gcc/arm-atollic-eabi/6.3.1/../../../../arm-atollic-eabi/lib/armv7e-m/fpu\libc_nano.a(lib_a-nano-vfprintf_i.o)
 .ARM.attributes
                0x00000a02       0x34 c:/program files (x86)/atollic/truestudio for stm32 9.3.0/armtools/bin/../lib/gcc/arm-atollic-eabi/6.3.1/../../../../arm-atollic-eabi/lib/armv7e-m/fpu\libc_nano.a(lib_a-sbrkr.o)
 .ARM.attributes
                0x00000a36       0x34 c:/program files (x86)/atollic/truestudio for stm32 9.3.0/armtools/bin/../lib/gcc/arm-atollic-eabi/6.3.1/../../../../arm-atollic-eabi/lib/armv7e-m/fpu\libc_nano.a(lib_a-stdio.o)
 .ARM.attributes
                0x00000a6a       0x34 c:/program files (x86)/atollic/truestudio for stm32 9.3.0/armtools/bin/../lib/gcc/arm-atollic-eabi/6.3.1/../../../../arm-atollic-eabi/lib/armv7e-m/fpu\libc_nano.a(lib_a-wbuf.o)
 .ARM.attributes
                0x00000a9e       0x34 c:/program files (x86)/atollic/truestudio for stm32 9.3.0/armtools/bin/../lib/gcc/arm-atollic-eabi/6.3.1/../../../../arm-atollic-eabi/lib/armv7e-m/fpu\libc_nano.a(lib_a-writer.o)
 .ARM.attributes
                0x00000ad2       0x34 c:/program files (x86)/atollic/truestudio for stm32 9.3.0/armtools/bin/../lib/gcc/arm-atollic-eabi/6.3.1/../../../../arm-atollic-eabi/lib/armv7e-m/fpu\libc_nano.a(lib_a-wsetup.o)
 .ARM.attributes
                0x00000b06       0x34 c:/program files (x86)/atollic/truestudio for stm32 9.3.0/armtools/bin/../lib/gcc/arm-atollic-eabi/6.3.1/../../../../arm-atollic-eabi/lib/armv7e-m/fpu\libc_nano.a(lib_a-closer.o)
 .ARM.attributes
                0x00000b3a       0x34 c:/program files (x86)/atollic/truestudio for stm32 9.3.0/armtools/bin/../lib/gcc/arm-atollic-eabi/6.3.1/../../../../arm-atollic-eabi/lib/armv7e-m/fpu\libc_nano.a(lib_a-fflush.o)
 .ARM.attributes
                0x00000b6e       0x34 c:/program files (x86)/atollic/truestudio for stm32 9.3.0/armtools/bin/../lib/gcc/arm-atollic-eabi/6.3.1/../../../../arm-atollic-eabi/lib/armv7e-m/fpu\libc_nano.a(lib_a-lseekr.o)
 .ARM.attributes
                0x00000ba2       0x34 c:/program files (x86)/atollic/truestudio for stm32 9.3.0/armtools/bin/../lib/gcc/arm-atollic-eabi/6.3.1/../../../../arm-atollic-eabi/lib/armv7e-m/fpu\libc_nano.a(lib_a-makebuf.o)
 .ARM.attributes
                0x00000bd6       0x20 c:/program files (x86)/atollic/truestudio for stm32 9.3.0/armtools/bin/../lib/gcc/arm-atollic-eabi/6.3.1/../../../../arm-atollic-eabi/lib/armv7e-m/fpu\libc_nano.a(lib_a-memchr.o)
 .ARM.attributes
                0x00000bf6       0x34 c:/program files (x86)/atollic/truestudio for stm32 9.3.0/armtools/bin/../lib/gcc/arm-atollic-eabi/6.3.1/../../../../arm-atollic-eabi/lib/armv7e-m/fpu\libc_nano.a(lib_a-mlock.o)
 .ARM.attributes
                0x00000c2a       0x34 c:/program files (x86)/atollic/truestudio for stm32 9.3.0/armtools/bin/../lib/gcc/arm-atollic-eabi/6.3.1/../../../../arm-atollic-eabi/lib/armv7e-m/fpu\libc_nano.a(lib_a-readr.o)
 .ARM.attributes
                0x00000c5e       0x34 c:/program files (x86)/atollic/truestudio for stm32 9.3.0/armtools/bin/../lib/gcc/arm-atollic-eabi/6.3.1/../../../../arm-atollic-eabi/lib/armv7e-m/fpu\libc_nano.a(lib_a-fstatr.o)
 .ARM.attributes
                0x00000c92       0x34 c:/program files (x86)/atollic/truestudio for stm32 9.3.0/armtools/bin/../lib/gcc/arm-atollic-eabi/6.3.1/../../../../arm-atollic-eabi/lib/armv7e-m/fpu\libc_nano.a(lib_a-isattyr.o)
 .ARM.attributes
                0x00000cc6       0x22 c:/program files (x86)/atollic/truestudio for stm32 9.3.0/armtools/bin/../lib/gcc/arm-atollic-eabi/6.3.1/armv7e-m/fpu\libgcc.a(_aeabi_uldivmod.o)
 .ARM.attributes
                0x00000ce8       0x34 c:/program files (x86)/atollic/truestudio for stm32 9.3.0/armtools/bin/../lib/gcc/arm-atollic-eabi/6.3.1/armv7e-m/fpu\libgcc.a(_udivmoddi4.o)
 .ARM.attributes
                0x00000d1c       0x22 c:/program files (x86)/atollic/truestudio for stm32 9.3.0/armtools/bin/../lib/gcc/arm-atollic-eabi/6.3.1/armv7e-m/fpu\libgcc.a(_dvmd_tls.o)
 .ARM.attributes
                0x00000d3e       0x22 c:/program files (x86)/atollic/truestudio for stm32 9.3.0/armtools/bin/../lib/gcc/arm-atollic-eabi/6.3.1/armv7e-m/fpu/crtn.o
OUTPUT(disco_lan_test.elf elf32-littlearm)

.debug_info     0x00000000    0x2bf2b
 .debug_info    0x00000000      0xa14 Drivers\STM32F4xx_HAL_Driver\Src\stm32f4xx_hal.o
 .debug_info    0x00000a14      0xf8a Drivers\STM32F4xx_HAL_Driver\Src\stm32f4xx_hal_cortex.o
 .debug_info    0x0000199e     0x19d7 Drivers\STM32F4xx_HAL_Driver\Src\stm32f4xx_hal_eth.o
 .debug_info    0x00003375      0x7c6 Drivers\STM32F4xx_HAL_Driver\Src\stm32f4xx_hal_gpio.o
 .debug_info    0x00003b3b      0xaad Drivers\STM32F4xx_HAL_Driver\Src\stm32f4xx_hal_rcc.o
 .debug_info    0x000045e8     0x16b0 Drivers\STM32F4xx_HAL_Driver\Src\stm32f4xx_hal_uart.o
 .debug_info    0x00005c98      0xc95 Middlewares\Third_Party\LwIP\src\core\def.o
 .debug_info    0x0000692d     0x15fe Middlewares\Third_Party\LwIP\src\core\init.o
 .debug_info    0x00007f2b      0xe61 Middlewares\Third_Party\LwIP\src\core\ip.o
 .debug_info    0x00008d8c     0x1e99 Middlewares\Third_Party\LwIP\src\core\ipv4\etharp.o
 .debug_info    0x0000ac25     0x1441 Middlewares\Third_Party\LwIP\src\core\ipv4\icmp.o
 .debug_info    0x0000c066     0x1bb7 Middlewares\Third_Party\LwIP\src\core\ipv4\ip4.o
 .debug_info    0x0000dc1d     0x1085 Middlewares\Third_Party\LwIP\src\core\ipv4\ip4_addr.o
 .debug_info    0x0000eca2     0x1c71 Middlewares\Third_Party\LwIP\src\core\ipv4\ip4_frag.o
 .debug_info    0x00010913     0x10f4 Middlewares\Third_Party\LwIP\src\core\mem.o
 .debug_info    0x00011a07     0x1ba4 Middlewares\Third_Party\LwIP\src\core\memp.o
 .debug_info    0x000135ab     0x1d36 Middlewares\Third_Party\LwIP\src\core\netif.o
 .debug_info    0x000152e1     0x2a7f Middlewares\Third_Party\LwIP\src\core\pbuf.o
 .debug_info    0x00017d60     0x3131 Middlewares\Third_Party\LwIP\src\core\tcp.o
 .debug_info    0x0001ae91     0x2943 Middlewares\Third_Party\LwIP\src\core\tcp_in.o
 .debug_info    0x0001d7d4     0x2b27 Middlewares\Third_Party\LwIP\src\core\tcp_out.o
 .debug_info    0x000202fb     0x1936 Middlewares\Third_Party\LwIP\src\core\timeouts.o
 .debug_info    0x00021c31     0x195d Middlewares\Third_Party\LwIP\src\core\udp.o
 .debug_info    0x0002358e     0x124c Middlewares\Third_Party\LwIP\src\netif\ethernet.o
 .debug_info    0x000247da     0x1f69 Src\ethernetif.o
 .debug_info    0x00026743     0x15ff Src\lwip.o
 .debug_info    0x00027d42     0x1fd3 Src\main.o
 .debug_info    0x00029d15      0x9d1 Src\stm32f4xx_hal_msp.o
 .debug_info    0x0002a6e6      0x20d Src\stm32f4xx_it.o
 .debug_info    0x0002a8f3     0x104d Src\syscalls.o
 .debug_info    0x0002b940      0x55b Src\system_stm32f4xx.o
 .debug_info    0x0002be9b       0x90 startup\startup_stm32f407xx.o

.debug_abbrev   0x00000000     0x5cb8
 .debug_abbrev  0x00000000      0x239 Drivers\STM32F4xx_HAL_Driver\Src\stm32f4xx_hal.o
 .debug_abbrev  0x00000239      0x314 Drivers\STM32F4xx_HAL_Driver\Src\stm32f4xx_hal_cortex.o
 .debug_abbrev  0x0000054d      0x357 Drivers\STM32F4xx_HAL_Driver\Src\stm32f4xx_hal_eth.o
 .debug_abbrev  0x000008a4      0x1ef Drivers\STM32F4xx_HAL_Driver\Src\stm32f4xx_hal_gpio.o
 .debug_abbrev  0x00000a93      0x2cb Drivers\STM32F4xx_HAL_Driver\Src\stm32f4xx_hal_rcc.o
 .debug_abbrev  0x00000d5e      0x313 Drivers\STM32F4xx_HAL_Driver\Src\stm32f4xx_hal_uart.o
 .debug_abbrev  0x00001071      0x25c Middlewares\Third_Party\LwIP\src\core\def.o
 .debug_abbrev  0x000012cd      0x20e Middlewares\Third_Party\LwIP\src\core\init.o
 .debug_abbrev  0x000014db      0x181 Middlewares\Third_Party\LwIP\src\core\ip.o
 .debug_abbrev  0x0000165c      0x3d6 Middlewares\Third_Party\LwIP\src\core\ipv4\etharp.o
 .debug_abbrev  0x00001a32      0x329 Middlewares\Third_Party\LwIP\src\core\ipv4\icmp.o
 .debug_abbrev  0x00001d5b      0x2af Middlewares\Third_Party\LwIP\src\core\ipv4\ip4.o
 .debug_abbrev  0x0000200a      0x2c3 Middlewares\Third_Party\LwIP\src\core\ipv4\ip4_addr.o
 .debug_abbrev  0x000022cd      0x3cf Middlewares\Third_Party\LwIP\src\core\ipv4\ip4_frag.o
 .debug_abbrev  0x0000269c      0x2d6 Middlewares\Third_Party\LwIP\src\core\mem.o
 .debug_abbrev  0x00002972      0x343 Middlewares\Third_Party\LwIP\src\core\memp.o
 .debug_abbrev  0x00002cb5      0x3ba Middlewares\Third_Party\LwIP\src\core\netif.o
 .debug_abbrev  0x0000306f      0x478 Middlewares\Third_Party\LwIP\src\core\pbuf.o
 .debug_abbrev  0x000034e7      0x4f9 Middlewares\Third_Party\LwIP\src\core\tcp.o
 .debug_abbrev  0x000039e0      0x410 Middlewares\Third_Party\LwIP\src\core\tcp_in.o
 .debug_abbrev  0x00003df0      0x45b Middlewares\Third_Party\LwIP\src\core\tcp_out.o
 .debug_abbrev  0x0000424b      0x337 Middlewares\Third_Party\LwIP\src\core\timeouts.o
 .debug_abbrev  0x00004582      0x3f1 Middlewares\Third_Party\LwIP\src\core\udp.o
 .debug_abbrev  0x00004973      0x2b1 Middlewares\Third_Party\LwIP\src\netif\ethernet.o
 .debug_abbrev  0x00004c24      0x41d Src\ethernetif.o
 .debug_abbrev  0x00005041      0x25e Src\lwip.o
 .debug_abbrev  0x0000529f      0x303 Src\main.o
 .debug_abbrev  0x000055a2      0x1d0 Src\stm32f4xx_hal_msp.o
 .debug_abbrev  0x00005772      0x112 Src\stm32f4xx_it.o
 .debug_abbrev  0x00005884      0x2fc Src\syscalls.o
 .debug_abbrev  0x00005b80      0x126 Src\system_stm32f4xx.o
 .debug_abbrev  0x00005ca6       0x12 startup\startup_stm32f407xx.o

.debug_loc      0x00000000     0xc79d
 .debug_loc     0x00000000      0x12e Drivers\STM32F4xx_HAL_Driver\Src\stm32f4xx_hal.o
 .debug_loc     0x0000012e      0x4fb Drivers\STM32F4xx_HAL_Driver\Src\stm32f4xx_hal_cortex.o
 .debug_loc     0x00000629      0xc76 Drivers\STM32F4xx_HAL_Driver\Src\stm32f4xx_hal_eth.o
 .debug_loc     0x0000129f      0x357 Drivers\STM32F4xx_HAL_Driver\Src\stm32f4xx_hal_gpio.o
 .debug_loc     0x000015f6      0x346 Drivers\STM32F4xx_HAL_Driver\Src\stm32f4xx_hal_rcc.o
 .debug_loc     0x0000193c     0x1350 Drivers\STM32F4xx_HAL_Driver\Src\stm32f4xx_hal_uart.o
 .debug_loc     0x00002c8c      0x40d Middlewares\Third_Party\LwIP\src\core\def.o
 .debug_loc     0x00003099      0xc5c Middlewares\Third_Party\LwIP\src\core\ipv4\etharp.o
 .debug_loc     0x00003cf5      0x28f Middlewares\Third_Party\LwIP\src\core\ipv4\icmp.o
 .debug_loc     0x00003f84      0x433 Middlewares\Third_Party\LwIP\src\core\ipv4\ip4.o
 .debug_loc     0x000043b7      0x4ce Middlewares\Third_Party\LwIP\src\core\ipv4\ip4_addr.o
 .debug_loc     0x00004885      0xc13 Middlewares\Third_Party\LwIP\src\core\ipv4\ip4_frag.o